  |                                                                              |                                                                      |   0%  |                                                                              |=======                                                               |  10%  |                                                                              |==============                                                        |  20%.... 
  |                                                                              |=====================                                                 |  30%.... 
  |                                                                              |============================                                          |  40%  |                                                                              |===================================                                   |  50%... 
  |                                                                              |==========================================                            |  60%.... 
  |                                                                              |=================================================                     |  70%. 
  |                                                                              |========================================================              |  80%  |                                                                              |===============================================================       |  90%. 
  |                                                                              |======================================================================| 100%
. 


------------------------------------------------------------
Sender: LSF System <lsf@loom7>
Subject: Job 6600935: </nfs/ma/home/atlas3-production/sw/atlasinstall_prod/atlasprod/analysis/run_coexpression_for_experiment.R E-MTAB-2798 /nfs/ma/home/atlas3-production/analysis/baseline/rna-seq/experiments/E-MTAB-2798  > in cluster <EBI> Done

Job </nfs/ma/home/atlas3-production/sw/atlasinstall_prod/atlasprod/analysis/run_coexpression_for_experiment.R E-MTAB-2798 /nfs/ma/home/atlas3-production/analysis/baseline/rna-seq/experiments/E-MTAB-2798  > was submitted from host <ebi5-258> by user <fg_atlas> in cluster <EBI>.
Job was executed on host(s) <loom7>, in queue <production-rh6>, as user <fg_atlas> in cluster <EBI>.
</net/isilonP/public/rw/homes/fg_atlas> was used as the home directory.
</nfs/ma/home/atlas3-production/analysis/baseline/rna-seq/experiments/E-MTAB-2798> was used as the working directory.
Started at Fri Mar 18 10:01:23 2016
Results reported at Fri Mar 18 10:04:31 2016

Your job looked like:

------------------------------------------------------------
# LSBATCH: User input
/nfs/ma/home/atlas3-production/sw/atlasinstall_prod/atlasprod/analysis/run_coexpression_for_experiment.R E-MTAB-2798 /nfs/ma/home/atlas3-production/analysis/baseline/rna-seq/experiments/E-MTAB-2798  
------------------------------------------------------------

Successfully completed.

Resource usage summary:

    CPU time :               104.28 sec.
    Max Memory :             828 MB
    Average Memory :         537.12 MB
    Total Requested Memory : 80000.00 MB
    Delta Memory :           79172.00 MB
    (Delta: the difference between total requested memory and actual max usage.)
    Max Swap :               3125 MB

    Max Processes :          13
    Max Threads :            14

The output (if any) is above this job summary.



PS:

Read file <coexpression.err> for stderr output of this job.

