Calling command: 'irap_GSE_piano --tsv=/nfs/production3/ma/home/atlas3-production/analysis/differential/microarray/experiments/E-GEOD-34130/E-GEOD-34130_A-AFFY-2-analytics.tsv --pvalue-col=22 --foldchange-col=24 --title="
Top 10 GO terms enriched in 
'KNO3 nitrogen for 2 hours' vs 'control' in 'Kas2' 
(Fisher-exact, FDR < 0.1)" --pvalue=0.05 --gs_fdr=0.1 --method=fisher-exact --dup-use-best --plot-annot-only --top=10 --minsize 5 --maxsize 100 --descr /nfs/production3/ma/home/atlas3-production/analysis/differential/microarray/experiments/E-GEOD-34130/E-GEOD-34130.arabidopsis_thaliana.g9_g3.ensgene.go.tsv.aux1 --go=/nfs/production3/ma/home/atlas3-production/bioentity_properties/ensembl/arabidopsis_thaliana.ensgene.go.tsv --out=/nfs/production3/ma/home/atlas3-production/analysis/differential/microarray/experiments/E-GEOD-34130/E-GEOD-34130.g9_g3.go.gsea'
Warning messages:
1: replacing previous import by ‘igraph::union’ when loading ‘piano’ 
2: replacing previous import by ‘igraph::normalize’ when loading ‘piano’ 
[INFO] Parameters parsed.
annotation_col = GOterm
tsv.file = /nfs/production3/ma/home/atlas3-production/analysis/differential/microarray/experiments/E-GEOD-34130/E-GEOD-34130_A-AFFY-2-analytics.tsv
pval.col = 22
fold.col = 24
pvalue = 0.05
gs_fdr = 0.1
min.size = 5
max.size = 100
method = fisher-exact
num_cores = 2
minedge = 3
top = 10
annot.only = TRUE
plot.annot.only = TRUE
dup.use.best = TRUE
dup.best.stat = fold-change
debug = FALSE
go.file = /nfs/production3/ma/home/atlas3-production/bioentity_properties/ensembl/arabidopsis_thaliana.ensgene.go.tsv
descr.file = /nfs/production3/ma/home/atlas3-production/analysis/differential/microarray/experiments/E-GEOD-34130/E-GEOD-34130.arabidopsis_thaliana.g9_g3.ensgene.go.tsv.aux1
title = 
Top 10 GO terms enriched in 
'KNO3 nitrogen for 2 hours' vs 'control' in 'Kas2' 
(Fisher-exact, FDR < 0.1)
out = /nfs/production3/ma/home/atlas3-production/analysis/differential/microarray/experiments/E-GEOD-34130/E-GEOD-34130.g9_g3.go.gsea
help = FALSE
[INFO] Reading /nfs/production3/ma/home/atlas3-production/analysis/differential/microarray/experiments/E-GEOD-34130/E-GEOD-34130_A-AFFY-2-analytics.tsv
[INFO] Found duplicated gene entries in /nfs/production3/ma/home/atlas3-production/analysis/differential/microarray/experiments/E-GEOD-34130/E-GEOD-34130_A-AFFY-2-analytics.tsv.
[INFO] Picking the best statistic for each set of entries related to a gene
[INFO] Starting with 21365 entries
[INFO] No more duplicates
[INFO] 21122 unique entries
[INFO] NAs removed: 19887
[INFO] Data in /nfs/production3/ma/home/atlas3-production/analysis/differential/microarray/experiments/E-GEOD-34130/E-GEOD-34130_A-AFFY-2-analytics.tsv loaded: 1235 entries
[INFO] Reading /nfs/production3/ma/home/atlas3-production/bioentity_properties/ensembl/arabidopsis_thaliana.ensgene.go.tsv
[INFO] Data in /nfs/production3/ma/home/atlas3-production/bioentity_properties/ensembl/arabidopsis_thaliana.ensgene.go.tsv loaded: 157305 entries
[INFO] Reading /nfs/production3/ma/home/atlas3-production/analysis/differential/microarray/experiments/E-GEOD-34130/E-GEOD-34130.arabidopsis_thaliana.g9_g3.ensgene.go.tsv.aux1
[INFO] Data in /nfs/production3/ma/home/atlas3-production/analysis/differential/microarray/experiments/E-GEOD-34130/E-GEOD-34130.arabidopsis_thaliana.g9_g3.ensgene.go.tsv.aux1 loaded: 6159 entries
[INFO] Starting to play piano...
[INFO] FC mean 0.8+-0.87
[INFO] p-value mean 0.61+-0.27
[INFO] Excluded 2 genes with no annotation
[INFO] #Genes=1164 #genes (pvalue<=0.05)=24
[INFO] Loading GSC...
[INFO] Gene sets:1527 genes:1163
[INFO] Running Fisher-exact test...
Using all genes in argument genes as universe.
Analyzing the overrepresentation of 24 genes of interest in 341 gene sets, using a background of 1140 non-interesting genes.
[INFO] Created /nfs/production3/ma/home/atlas3-production/analysis/differential/microarray/experiments/E-GEOD-34130/E-GEOD-34130.g9_g3.go.gsea.tsv
Loading required package: methods

Attaching package: ‘igraph’

The following objects are masked from ‘package:stats’:

    decompose, spectrum

The following object is masked from ‘package:base’:

    union

Loading required package: limma
[INFO] Generating plot /nfs/production3/ma/home/atlas3-production/analysis/differential/microarray/experiments/E-GEOD-34130/E-GEOD-34130.g9_g3.go.gsea_class_non_dir_both.png
There were 12 warnings (use warnings() to see them)
Calling command: 'irap_GSE_piano --tsv=/nfs/production3/ma/home/atlas3-production/analysis/differential/microarray/experiments/E-GEOD-34130/E-GEOD-34130_A-AFFY-2-analytics.tsv --pvalue-col=22 --foldchange-col=24 --title="
Top 10 InterPro domains enriched in 
'KNO3 nitrogen for 2 hours' vs 'control' in 'Kas2' 
(Fisher-exact, FDR < 0.1)" --pvalue=0.05 --gs_fdr=0.1 --method=fisher-exact --dup-use-best --plot-annot-only --top=10 --minsize 5 --maxsize 100 --descr /nfs/production3/ma/home/atlas3-production/bioentity_properties/interpro/interproIDToTypeTerm.tsv.decorate.aux --go=/nfs/production3/ma/home/atlas3-production/bioentity_properties/ensembl/arabidopsis_thaliana.ensgene.interpro.tsv --out=/nfs/production3/ma/home/atlas3-production/analysis/differential/microarray/experiments/E-GEOD-34130/E-GEOD-34130.g9_g3.interpro.gsea'
Warning messages:
1: replacing previous import by ‘igraph::union’ when loading ‘piano’ 
2: replacing previous import by ‘igraph::normalize’ when loading ‘piano’ 
[INFO] Parameters parsed.
annotation_col = GOterm
tsv.file = /nfs/production3/ma/home/atlas3-production/analysis/differential/microarray/experiments/E-GEOD-34130/E-GEOD-34130_A-AFFY-2-analytics.tsv
pval.col = 22
fold.col = 24
pvalue = 0.05
gs_fdr = 0.1
min.size = 5
max.size = 100
method = fisher-exact
num_cores = 2
minedge = 3
top = 10
annot.only = TRUE
plot.annot.only = TRUE
dup.use.best = TRUE
dup.best.stat = fold-change
debug = FALSE
go.file = /nfs/production3/ma/home/atlas3-production/bioentity_properties/ensembl/arabidopsis_thaliana.ensgene.interpro.tsv
descr.file = /nfs/production3/ma/home/atlas3-production/bioentity_properties/interpro/interproIDToTypeTerm.tsv.decorate.aux
title = 
Top 10 InterPro domains enriched in 
'KNO3 nitrogen for 2 hours' vs 'control' in 'Kas2' 
(Fisher-exact, FDR < 0.1)
out = /nfs/production3/ma/home/atlas3-production/analysis/differential/microarray/experiments/E-GEOD-34130/E-GEOD-34130.g9_g3.interpro.gsea
help = FALSE
[INFO] Reading /nfs/production3/ma/home/atlas3-production/analysis/differential/microarray/experiments/E-GEOD-34130/E-GEOD-34130_A-AFFY-2-analytics.tsv
[INFO] Found duplicated gene entries in /nfs/production3/ma/home/atlas3-production/analysis/differential/microarray/experiments/E-GEOD-34130/E-GEOD-34130_A-AFFY-2-analytics.tsv.
[INFO] Picking the best statistic for each set of entries related to a gene
[INFO] Starting with 21365 entries
[INFO] No more duplicates
[INFO] 21122 unique entries
[INFO] NAs removed: 19887
[INFO] Data in /nfs/production3/ma/home/atlas3-production/analysis/differential/microarray/experiments/E-GEOD-34130/E-GEOD-34130_A-AFFY-2-analytics.tsv loaded: 1235 entries
[INFO] Reading /nfs/production3/ma/home/atlas3-production/bioentity_properties/ensembl/arabidopsis_thaliana.ensgene.interpro.tsv
[INFO] Data in /nfs/production3/ma/home/atlas3-production/bioentity_properties/ensembl/arabidopsis_thaliana.ensgene.interpro.tsv loaded: 70122 entries
[INFO] Reading /nfs/production3/ma/home/atlas3-production/bioentity_properties/interpro/interproIDToTypeTerm.tsv.decorate.aux
[INFO] Data in /nfs/production3/ma/home/atlas3-production/bioentity_properties/interpro/interproIDToTypeTerm.tsv.decorate.aux loaded: 26238 entries
[INFO] Starting to play piano...
[INFO] FC mean 0.8+-0.87
[INFO] p-value mean 0.61+-0.27
[INFO] Excluded 9 genes with no annotation
[INFO] #Genes=1099 #genes (pvalue<=0.05)=17
[INFO] Loading GSC...
[INFO] Gene sets:1230 genes:1098
[INFO] Running Fisher-exact test...
Using all genes in argument genes as universe.
Analyzing the overrepresentation of 17 genes of interest in 164 gene sets, using a background of 1082 non-interesting genes.
[INFO] Created /nfs/production3/ma/home/atlas3-production/analysis/differential/microarray/experiments/E-GEOD-34130/E-GEOD-34130.g9_g3.interpro.gsea.tsv
[WARNING] Insufficient gene sets () to draw a plot - plot not generated.
Calling command: 'irap_GSE_piano --tsv=/nfs/production3/ma/home/atlas3-production/analysis/differential/microarray/experiments/E-GEOD-34130/E-GEOD-34130_A-AFFY-2-analytics.tsv --pvalue-col=22 --foldchange-col=24 --title="
Top 10 Reactome pathways enriched in 
'KNO3 nitrogen for 2 hours' vs 'control' in 'Kas2' 
(Fisher-exact, FDR < 0.1)" --pvalue=0.05 --gs_fdr=0.1 --method=fisher-exact --dup-use-best --plot-annot-only --top=10 --minsize 5 --maxsize 100 --descr /nfs/production3/ma/home/atlas3-production/bioentity_properties/reactome/arabidopsis_thaliana.reactome.tsv.decorate.aux --go=/nfs/production3/ma/home/atlas3-production/bioentity_properties/reactome/arabidopsis_thaliana.reactome.tsv.gsea.aux --out=/nfs/production3/ma/home/atlas3-production/analysis/differential/microarray/experiments/E-GEOD-34130/E-GEOD-34130.g9_g3.reactome.gsea'
Warning messages:
1: replacing previous import by ‘igraph::union’ when loading ‘piano’ 
2: replacing previous import by ‘igraph::normalize’ when loading ‘piano’ 
[INFO] Parameters parsed.
annotation_col = GOterm
tsv.file = /nfs/production3/ma/home/atlas3-production/analysis/differential/microarray/experiments/E-GEOD-34130/E-GEOD-34130_A-AFFY-2-analytics.tsv
pval.col = 22
fold.col = 24
pvalue = 0.05
gs_fdr = 0.1
min.size = 5
max.size = 100
method = fisher-exact
num_cores = 2
minedge = 3
top = 10
annot.only = TRUE
plot.annot.only = TRUE
dup.use.best = TRUE
dup.best.stat = fold-change
debug = FALSE
go.file = /nfs/production3/ma/home/atlas3-production/bioentity_properties/reactome/arabidopsis_thaliana.reactome.tsv.gsea.aux
descr.file = /nfs/production3/ma/home/atlas3-production/bioentity_properties/reactome/arabidopsis_thaliana.reactome.tsv.decorate.aux
title = 
Top 10 Reactome pathways enriched in 
'KNO3 nitrogen for 2 hours' vs 'control' in 'Kas2' 
(Fisher-exact, FDR < 0.1)
out = /nfs/production3/ma/home/atlas3-production/analysis/differential/microarray/experiments/E-GEOD-34130/E-GEOD-34130.g9_g3.reactome.gsea
help = FALSE
[INFO] Reading /nfs/production3/ma/home/atlas3-production/analysis/differential/microarray/experiments/E-GEOD-34130/E-GEOD-34130_A-AFFY-2-analytics.tsv
[INFO] Found duplicated gene entries in /nfs/production3/ma/home/atlas3-production/analysis/differential/microarray/experiments/E-GEOD-34130/E-GEOD-34130_A-AFFY-2-analytics.tsv.
[INFO] Picking the best statistic for each set of entries related to a gene
[INFO] Starting with 21365 entries
[INFO] No more duplicates
[INFO] 21122 unique entries
[INFO] NAs removed: 19887
[INFO] Data in /nfs/production3/ma/home/atlas3-production/analysis/differential/microarray/experiments/E-GEOD-34130/E-GEOD-34130_A-AFFY-2-analytics.tsv loaded: 1235 entries
[INFO] Reading /nfs/production3/ma/home/atlas3-production/bioentity_properties/reactome/arabidopsis_thaliana.reactome.tsv.gsea.aux
[INFO] Data in /nfs/production3/ma/home/atlas3-production/bioentity_properties/reactome/arabidopsis_thaliana.reactome.tsv.gsea.aux loaded: 34623 entries
[INFO] Reading /nfs/production3/ma/home/atlas3-production/bioentity_properties/reactome/arabidopsis_thaliana.reactome.tsv.decorate.aux
[INFO] Data in /nfs/production3/ma/home/atlas3-production/bioentity_properties/reactome/arabidopsis_thaliana.reactome.tsv.decorate.aux loaded: 938 entries
[INFO] Starting to play piano...
[INFO] FC mean 0.8+-0.87
[INFO] p-value mean 0.61+-0.27
[INFO] Excluded 0 genes with no annotation
[INFO] #Genes=1235 #genes (pvalue<=0.05)=26
[INFO] Loading GSC...
[INFO] Gene sets:71 genes:75
[INFO] Running Fisher-exact test...
Using all genes in argument genes as universe.
Analyzing the overrepresentation of 26 genes of interest in 11 gene sets, using a background of 1209 non-interesting genes.
[INFO] Created /nfs/production3/ma/home/atlas3-production/analysis/differential/microarray/experiments/E-GEOD-34130/E-GEOD-34130.g9_g3.reactome.gsea.tsv
Loading required package: methods

Attaching package: ‘igraph’

The following objects are masked from ‘package:stats’:

    decompose, spectrum

The following object is masked from ‘package:base’:

    union

Loading required package: limma
[INFO] Generating plot /nfs/production3/ma/home/atlas3-production/analysis/differential/microarray/experiments/E-GEOD-34130/E-GEOD-34130.g9_g3.reactome.gsea_class_non_dir_both.png
There were 12 warnings (use warnings() to see them)

------------------------------------------------------------
Sender: LSF System <lsf@ebi6-077>
Subject: Job 1038762: </nfs/production3/ma/home/atlas3-production/sw/atlasinstall_prod/atlasprod/irap/gxa_generate_gsea_for_differential_experiment.sh  /nfs/production3/ma/home/atlas3-production/analysis/differential/microarray/experiments/E-GEOD-34130 g9_g3 > in cluster <EBI> Done

Job </nfs/production3/ma/home/atlas3-production/sw/atlasinstall_prod/atlasprod/irap/gxa_generate_gsea_for_differential_experiment.sh  /nfs/production3/ma/home/atlas3-production/analysis/differential/microarray/experiments/E-GEOD-34130 g9_g3 > was submitted from host <ebi1-121> by user <fg_atlas> in cluster <EBI>.
Job was executed on host(s) <ebi6-077>, in queue <production-rh6>, as user <fg_atlas> in cluster <EBI>.
</net/isilonP/public/rw/homes/fg_atlas> was used as the home directory.
</nfs/production3/ma/home/atlas3-production/analysis/differential/microarray/experiments/E-GEOD-34130> was used as the working directory.
Started at Tue Apr 12 17:46:06 2016
Results reported at Tue Apr 12 17:47:12 2016

Your job looked like:

------------------------------------------------------------
# LSBATCH: User input
/nfs/production3/ma/home/atlas3-production/sw/atlasinstall_prod/atlasprod/irap/gxa_generate_gsea_for_differential_experiment.sh  /nfs/production3/ma/home/atlas3-production/analysis/differential/microarray/experiments/E-GEOD-34130 g9_g3 
------------------------------------------------------------

Successfully completed.

Resource usage summary:

    CPU time :               56.06 sec.
    Max Memory :             76 MB
    Average Memory :         57.75 MB
    Total Requested Memory : 4096.00 MB
    Delta Memory :           4020.00 MB
    (Delta: the difference between total requested memory and actual max usage.)
    Max Swap :               774 MB

    Max Processes :          8
    Max Threads :            9

The output (if any) is above this job summary.



PS:

Read file <gseag9_g3.err> for stderr output of this job.

