/nfs/production3/ma/home/atlas3-production/analysis/differential/microarray/experiments/E-GEOD-48549 /nfs/production3/ma/home/atlas3-production/analysis/differential/microarray/experiments/E-GEOD-48549
Processing A-AFFY-126...
Processing E-GEOD-48549_A-AFFY-126-analytics.tsv.undecorated...
Processing E-GEOD-48549_A-AFFY-126-normalized-expressions.tsv.undecorated...
Processing E-GEOD-48549_A-AFFY-126-analytics.tsv.undecorated.unrounded...
Calculate percentile ranks for (each contrast in) the experiment
INFO  - Removing previous percentile ranks files...
INFO  - Done
INFO  - Calculating percentile ranks for E-GEOD-48549_A-AFFY-126-analytics.tsv.unrounded ...
INFO  - Percentile ranks calculation successful.
INFO  - Successfully calculated percentile ranks for E-GEOD-48549.
/nfs/production3/ma/home/atlas3-production/analysis/differential/microarray/experiments/E-GEOD-48549

------------------------------------------------------------
Sender: LSF System <lsf@ebi6-245>
Subject: Job 1028756: </nfs/production3/ma/home/atlas3-production/sw/atlasinstall_prod/atlasprod/bioentity_annotations/decorate_microarray_experiment.sh  /nfs/production3/ma/home/atlas3-production/analysis/differential/microarray/experiments/E-GEOD-48549  > in cluster <EBI> Done

Job </nfs/production3/ma/home/atlas3-production/sw/atlasinstall_prod/atlasprod/bioentity_annotations/decorate_microarray_experiment.sh  /nfs/production3/ma/home/atlas3-production/analysis/differential/microarray/experiments/E-GEOD-48549  > was submitted from host <ebi1-121> by user <fg_atlas> in cluster <EBI>.
Job was executed on host(s) <ebi6-245>, in queue <production-rh6>, as user <fg_atlas> in cluster <EBI>.
</net/isilonP/public/rw/homes/fg_atlas> was used as the home directory.
</nfs/production3/ma/home/atlas3-production/analysis/differential/microarray/experiments/E-GEOD-48549> was used as the working directory.
Started at Tue Apr 12 17:13:35 2016
Results reported at Tue Apr 12 17:33:40 2016

Your job looked like:

------------------------------------------------------------
# LSBATCH: User input
/nfs/production3/ma/home/atlas3-production/sw/atlasinstall_prod/atlasprod/bioentity_annotations/decorate_microarray_experiment.sh  /nfs/production3/ma/home/atlas3-production/analysis/differential/microarray/experiments/E-GEOD-48549  
------------------------------------------------------------

Successfully completed.

Resource usage summary:

    CPU time :               1027.92 sec.
    Max Memory :             69 MB
    Average Memory :         21.00 MB
    Total Requested Memory : 4096.00 MB
    Delta Memory :           4027.00 MB
    (Delta: the difference between total requested memory and actual max usage.)
    Max Swap :               588 MB

    Max Processes :          6
    Max Threads :            7

The output (if any) is above this job summary.



PS:

Read file <genenames.err> for stderr output of this job.

