Calling command: 'irap_GSE_piano --tsv=/nfs/production3/ma/home/atlas3-production/analysis/differential/microarray/experiments/E-GEOD-48549/E-GEOD-48549_A-AFFY-126-analytics.tsv --pvalue-col=7 --foldchange-col=9 --title="
Top 10 GO terms enriched in 
'ammonium; 5 millimolar; transgenic_AlaAT-ox 3/8; shoot' vs 'ammonium; 5 millimolar; wild type; shoot' 
(Fisher-exact, FDR < 0.1)" --pvalue=0.05 --gs_fdr=0.1 --method=fisher-exact --dup-use-best --plot-annot-only --top=10 --minsize 5 --maxsize 100 --descr /nfs/production3/ma/home/atlas3-production/analysis/differential/microarray/experiments/E-GEOD-48549/E-GEOD-48549.oryza_sativa.g13_g12.ensgene.go.tsv.aux1 --go=/nfs/production3/ma/home/atlas3-production/bioentity_properties/ensembl/oryza_sativa.ensgene.go.tsv --out=/nfs/production3/ma/home/atlas3-production/analysis/differential/microarray/experiments/E-GEOD-48549/E-GEOD-48549.g13_g12.go.gsea'
Warning messages:
1: replacing previous import by ‘igraph::union’ when loading ‘piano’ 
2: replacing previous import by ‘igraph::normalize’ when loading ‘piano’ 
[INFO] Parameters parsed.
annotation_col = GOterm
tsv.file = /nfs/production3/ma/home/atlas3-production/analysis/differential/microarray/experiments/E-GEOD-48549/E-GEOD-48549_A-AFFY-126-analytics.tsv
pval.col = 7
fold.col = 9
pvalue = 0.05
gs_fdr = 0.1
min.size = 5
max.size = 100
method = fisher-exact
num_cores = 2
minedge = 3
top = 10
annot.only = TRUE
plot.annot.only = TRUE
dup.use.best = TRUE
dup.best.stat = fold-change
debug = FALSE
go.file = /nfs/production3/ma/home/atlas3-production/bioentity_properties/ensembl/oryza_sativa.ensgene.go.tsv
descr.file = /nfs/production3/ma/home/atlas3-production/analysis/differential/microarray/experiments/E-GEOD-48549/E-GEOD-48549.oryza_sativa.g13_g12.ensgene.go.tsv.aux1
title = 
Top 10 GO terms enriched in 
'ammonium; 5 millimolar; transgenic_AlaAT-ox 3/8; shoot' vs 'ammonium; 5 millimolar; wild type; shoot' 
(Fisher-exact, FDR < 0.1)
out = /nfs/production3/ma/home/atlas3-production/analysis/differential/microarray/experiments/E-GEOD-48549/E-GEOD-48549.g13_g12.go.gsea
help = FALSE
[INFO] Reading /nfs/production3/ma/home/atlas3-production/analysis/differential/microarray/experiments/E-GEOD-48549/E-GEOD-48549_A-AFFY-126-analytics.tsv
[INFO] Found duplicated gene entries in /nfs/production3/ma/home/atlas3-production/analysis/differential/microarray/experiments/E-GEOD-48549/E-GEOD-48549_A-AFFY-126-analytics.tsv.
[INFO] Picking the best statistic for each set of entries related to a gene
[INFO] Starting with 32597 entries
[INFO] No more duplicates
[INFO] 26067 unique entries
[INFO] NAs removed: 22999
[INFO] Data in /nfs/production3/ma/home/atlas3-production/analysis/differential/microarray/experiments/E-GEOD-48549/E-GEOD-48549_A-AFFY-126-analytics.tsv loaded: 3068 entries
[INFO] Reading /nfs/production3/ma/home/atlas3-production/bioentity_properties/ensembl/oryza_sativa.ensgene.go.tsv
[INFO] Data in /nfs/production3/ma/home/atlas3-production/bioentity_properties/ensembl/oryza_sativa.ensgene.go.tsv loaded: 136928 entries
[INFO] Reading /nfs/production3/ma/home/atlas3-production/analysis/differential/microarray/experiments/E-GEOD-48549/E-GEOD-48549.oryza_sativa.g13_g12.ensgene.go.tsv.aux1
[INFO] Data in /nfs/production3/ma/home/atlas3-production/analysis/differential/microarray/experiments/E-GEOD-48549/E-GEOD-48549.oryza_sativa.g13_g12.ensgene.go.tsv.aux1 loaded: 5274 entries
[INFO] Starting to play piano...
[INFO] FC mean 0.26+-0.41
[INFO] p-value mean 0.96+-0.16
[INFO] Excluded 18 genes with no annotation
[INFO] #Genes=2164 #genes (pvalue<=0.05)=12
[INFO] Loading GSC...
[INFO] Gene sets:2071 genes:2117
[INFO] Running Fisher-exact test...
Using all genes in argument genes as universe.
Analyzing the overrepresentation of 12 genes of interest in 391 gene sets, using a background of 2152 non-interesting genes.
[INFO] Created /nfs/production3/ma/home/atlas3-production/analysis/differential/microarray/experiments/E-GEOD-48549/E-GEOD-48549.g13_g12.go.gsea.tsv
[WARNING] Insufficient gene sets () to draw a plot - plot not generated.
Calling command: 'irap_GSE_piano --tsv=/nfs/production3/ma/home/atlas3-production/analysis/differential/microarray/experiments/E-GEOD-48549/E-GEOD-48549_A-AFFY-126-analytics.tsv --pvalue-col=7 --foldchange-col=9 --title="
Top 10 InterPro domains enriched in 
'ammonium; 5 millimolar; transgenic_AlaAT-ox 3/8; shoot' vs 'ammonium; 5 millimolar; wild type; shoot' 
(Fisher-exact, FDR < 0.1)" --pvalue=0.05 --gs_fdr=0.1 --method=fisher-exact --dup-use-best --plot-annot-only --top=10 --minsize 5 --maxsize 100 --descr /nfs/production3/ma/home/atlas3-production/bioentity_properties/interpro/interproIDToTypeTerm.tsv.decorate.aux --go=/nfs/production3/ma/home/atlas3-production/bioentity_properties/ensembl/oryza_sativa.ensgene.interpro.tsv --out=/nfs/production3/ma/home/atlas3-production/analysis/differential/microarray/experiments/E-GEOD-48549/E-GEOD-48549.g13_g12.interpro.gsea'
Warning messages:
1: replacing previous import by ‘igraph::union’ when loading ‘piano’ 
2: replacing previous import by ‘igraph::normalize’ when loading ‘piano’ 
[INFO] Parameters parsed.
annotation_col = GOterm
tsv.file = /nfs/production3/ma/home/atlas3-production/analysis/differential/microarray/experiments/E-GEOD-48549/E-GEOD-48549_A-AFFY-126-analytics.tsv
pval.col = 7
fold.col = 9
pvalue = 0.05
gs_fdr = 0.1
min.size = 5
max.size = 100
method = fisher-exact
num_cores = 2
minedge = 3
top = 10
annot.only = TRUE
plot.annot.only = TRUE
dup.use.best = TRUE
dup.best.stat = fold-change
debug = FALSE
go.file = /nfs/production3/ma/home/atlas3-production/bioentity_properties/ensembl/oryza_sativa.ensgene.interpro.tsv
descr.file = /nfs/production3/ma/home/atlas3-production/bioentity_properties/interpro/interproIDToTypeTerm.tsv.decorate.aux
title = 
Top 10 InterPro domains enriched in 
'ammonium; 5 millimolar; transgenic_AlaAT-ox 3/8; shoot' vs 'ammonium; 5 millimolar; wild type; shoot' 
(Fisher-exact, FDR < 0.1)
out = /nfs/production3/ma/home/atlas3-production/analysis/differential/microarray/experiments/E-GEOD-48549/E-GEOD-48549.g13_g12.interpro.gsea
help = FALSE
[INFO] Reading /nfs/production3/ma/home/atlas3-production/analysis/differential/microarray/experiments/E-GEOD-48549/E-GEOD-48549_A-AFFY-126-analytics.tsv
[INFO] Found duplicated gene entries in /nfs/production3/ma/home/atlas3-production/analysis/differential/microarray/experiments/E-GEOD-48549/E-GEOD-48549_A-AFFY-126-analytics.tsv.
[INFO] Picking the best statistic for each set of entries related to a gene
[INFO] Starting with 32597 entries
[INFO] No more duplicates
[INFO] 26067 unique entries
[INFO] NAs removed: 22999
[INFO] Data in /nfs/production3/ma/home/atlas3-production/analysis/differential/microarray/experiments/E-GEOD-48549/E-GEOD-48549_A-AFFY-126-analytics.tsv loaded: 3068 entries
[INFO] Reading /nfs/production3/ma/home/atlas3-production/bioentity_properties/ensembl/oryza_sativa.ensgene.interpro.tsv
[INFO] Data in /nfs/production3/ma/home/atlas3-production/bioentity_properties/ensembl/oryza_sativa.ensgene.interpro.tsv loaded: 76803 entries
[INFO] Reading /nfs/production3/ma/home/atlas3-production/bioentity_properties/interpro/interproIDToTypeTerm.tsv.decorate.aux
[INFO] Data in /nfs/production3/ma/home/atlas3-production/bioentity_properties/interpro/interproIDToTypeTerm.tsv.decorate.aux loaded: 26238 entries
[INFO] Starting to play piano...
[INFO] FC mean 0.26+-0.41
[INFO] p-value mean 0.96+-0.16
[INFO] Excluded 15 genes with no annotation
[INFO] #Genes=2336 #genes (pvalue<=0.05)=15
[INFO] Loading GSC...
[INFO] Gene sets:2014 genes:2289
[INFO] Running Fisher-exact test...
Using all genes in argument genes as universe.
Analyzing the overrepresentation of 15 genes of interest in 262 gene sets, using a background of 2321 non-interesting genes.
[INFO] Created /nfs/production3/ma/home/atlas3-production/analysis/differential/microarray/experiments/E-GEOD-48549/E-GEOD-48549.g13_g12.interpro.gsea.tsv
[WARNING] Insufficient gene sets () to draw a plot - plot not generated.
Calling command: 'irap_GSE_piano --tsv=/nfs/production3/ma/home/atlas3-production/analysis/differential/microarray/experiments/E-GEOD-48549/E-GEOD-48549_A-AFFY-126-analytics.tsv --pvalue-col=7 --foldchange-col=9 --title="
Top 10 Reactome pathways enriched in 
'ammonium; 5 millimolar; transgenic_AlaAT-ox 3/8; shoot' vs 'ammonium; 5 millimolar; wild type; shoot' 
(Fisher-exact, FDR < 0.1)" --pvalue=0.05 --gs_fdr=0.1 --method=fisher-exact --dup-use-best --plot-annot-only --top=10 --minsize 5 --maxsize 100 --descr /nfs/production3/ma/home/atlas3-production/bioentity_properties/reactome/oryza_sativa.reactome.tsv.decorate.aux --go=/nfs/production3/ma/home/atlas3-production/bioentity_properties/reactome/oryza_sativa.reactome.tsv.gsea.aux --out=/nfs/production3/ma/home/atlas3-production/analysis/differential/microarray/experiments/E-GEOD-48549/E-GEOD-48549.g13_g12.reactome.gsea'
Warning messages:
1: replacing previous import by ‘igraph::union’ when loading ‘piano’ 
2: replacing previous import by ‘igraph::normalize’ when loading ‘piano’ 
[INFO] Parameters parsed.
annotation_col = GOterm
tsv.file = /nfs/production3/ma/home/atlas3-production/analysis/differential/microarray/experiments/E-GEOD-48549/E-GEOD-48549_A-AFFY-126-analytics.tsv
pval.col = 7
fold.col = 9
pvalue = 0.05
gs_fdr = 0.1
min.size = 5
max.size = 100
method = fisher-exact
num_cores = 2
minedge = 3
top = 10
annot.only = TRUE
plot.annot.only = TRUE
dup.use.best = TRUE
dup.best.stat = fold-change
debug = FALSE
go.file = /nfs/production3/ma/home/atlas3-production/bioentity_properties/reactome/oryza_sativa.reactome.tsv.gsea.aux
descr.file = /nfs/production3/ma/home/atlas3-production/bioentity_properties/reactome/oryza_sativa.reactome.tsv.decorate.aux
title = 
Top 10 Reactome pathways enriched in 
'ammonium; 5 millimolar; transgenic_AlaAT-ox 3/8; shoot' vs 'ammonium; 5 millimolar; wild type; shoot' 
(Fisher-exact, FDR < 0.1)
out = /nfs/production3/ma/home/atlas3-production/analysis/differential/microarray/experiments/E-GEOD-48549/E-GEOD-48549.g13_g12.reactome.gsea
help = FALSE
[INFO] Reading /nfs/production3/ma/home/atlas3-production/analysis/differential/microarray/experiments/E-GEOD-48549/E-GEOD-48549_A-AFFY-126-analytics.tsv
[INFO] Found duplicated gene entries in /nfs/production3/ma/home/atlas3-production/analysis/differential/microarray/experiments/E-GEOD-48549/E-GEOD-48549_A-AFFY-126-analytics.tsv.
[INFO] Picking the best statistic for each set of entries related to a gene
[INFO] Starting with 32597 entries
[INFO] No more duplicates
[INFO] 26067 unique entries
[INFO] NAs removed: 22999
[INFO] Data in /nfs/production3/ma/home/atlas3-production/analysis/differential/microarray/experiments/E-GEOD-48549/E-GEOD-48549_A-AFFY-126-analytics.tsv loaded: 3068 entries
[INFO] Reading /nfs/production3/ma/home/atlas3-production/bioentity_properties/reactome/oryza_sativa.reactome.tsv.gsea.aux
[INFO] Data in /nfs/production3/ma/home/atlas3-production/bioentity_properties/reactome/oryza_sativa.reactome.tsv.gsea.aux loaded: 39114 entries
[INFO] Reading /nfs/production3/ma/home/atlas3-production/bioentity_properties/reactome/oryza_sativa.reactome.tsv.decorate.aux
[INFO] Data in /nfs/production3/ma/home/atlas3-production/bioentity_properties/reactome/oryza_sativa.reactome.tsv.decorate.aux loaded: 988 entries
[INFO] Starting to play piano...
[INFO] FC mean 0.26+-0.41
[INFO] p-value mean 0.96+-0.16
[INFO] Excluded 0 genes with no annotation
[INFO] #Genes=3068 #genes (pvalue<=0.05)=30
[WARNING] No gene annotation found...giving up. Please check if you have GO/Pathway information in /nfs/production3/ma/home/atlas3-production/bioentity_properties/reactome/oryza_sativa.reactome.tsv.gsea.aux.
[WARNING] No significant entries found for p-value of 0.05
[INFO] Created empty /nfs/production3/ma/home/atlas3-production/analysis/differential/microarray/experiments/E-GEOD-48549/E-GEOD-48549.g13_g12.reactome.gsea.tsv

------------------------------------------------------------
Sender: LSF System <lsf@ebi5-194>
Subject: Job 1039113: </nfs/production3/ma/home/atlas3-production/sw/atlasinstall_prod/atlasprod/irap/gxa_generate_gsea_for_differential_experiment.sh  /nfs/production3/ma/home/atlas3-production/analysis/differential/microarray/experiments/E-GEOD-48549 g13_g12 > in cluster <EBI> Done

Job </nfs/production3/ma/home/atlas3-production/sw/atlasinstall_prod/atlasprod/irap/gxa_generate_gsea_for_differential_experiment.sh  /nfs/production3/ma/home/atlas3-production/analysis/differential/microarray/experiments/E-GEOD-48549 g13_g12 > was submitted from host <ebi1-121> by user <fg_atlas> in cluster <EBI>.
Job was executed on host(s) <ebi5-194>, in queue <production-rh6>, as user <fg_atlas> in cluster <EBI>.
</net/isilonP/public/rw/homes/fg_atlas> was used as the home directory.
</nfs/production3/ma/home/atlas3-production/analysis/differential/microarray/experiments/E-GEOD-48549> was used as the working directory.
Started at Tue Apr 12 17:50:25 2016
Results reported at Tue Apr 12 18:02:15 2016

Your job looked like:

------------------------------------------------------------
# LSBATCH: User input
/nfs/production3/ma/home/atlas3-production/sw/atlasinstall_prod/atlasprod/irap/gxa_generate_gsea_for_differential_experiment.sh  /nfs/production3/ma/home/atlas3-production/analysis/differential/microarray/experiments/E-GEOD-48549 g13_g12 
------------------------------------------------------------

Successfully completed.

Resource usage summary:

    CPU time :               695.82 sec.
    Max Memory :             84 MB
    Average Memory :         77.28 MB
    Total Requested Memory : 4096.00 MB
    Delta Memory :           4012.00 MB
    (Delta: the difference between total requested memory and actual max usage.)
    Max Swap :               788 MB

    Max Processes :          8
    Max Threads :            9

The output (if any) is above this job summary.



PS:

Read file <gseag13_g12.err> for stderr output of this job.

