Calling command: 'irap_GSE_piano --tsv=/nfs/production3/ma/home/atlas3-production/analysis/differential/microarray/experiments/E-GEOD-33411/E-GEOD-33411_A-AFFY-126-analytics.tsv --pvalue-col=19 --foldchange-col=21 --title="
Top 10 GO terms enriched in 
'IRBB5' vs 'IR24' at '0 hour' 
(Fisher-exact, FDR < 0.1)" --pvalue=0.05 --gs_fdr=0.1 --method=fisher-exact --dup-use-best --plot-annot-only --top=10 --minsize 5 --maxsize 100 --descr /nfs/production3/ma/home/atlas3-production/analysis/differential/microarray/experiments/E-GEOD-33411/E-GEOD-33411.oryza_sativa.g5_g9.ensgene.go.tsv.aux1 --go=/nfs/production3/ma/home/atlas3-production/bioentity_properties/ensembl/oryza_sativa.ensgene.go.tsv --out=/nfs/production3/ma/home/atlas3-production/analysis/differential/microarray/experiments/E-GEOD-33411/E-GEOD-33411.g5_g9.go.gsea'
Warning messages:
1: replacing previous import by ‘igraph::union’ when loading ‘piano’ 
2: replacing previous import by ‘igraph::normalize’ when loading ‘piano’ 
[INFO] Parameters parsed.
annotation_col = GOterm
tsv.file = /nfs/production3/ma/home/atlas3-production/analysis/differential/microarray/experiments/E-GEOD-33411/E-GEOD-33411_A-AFFY-126-analytics.tsv
pval.col = 19
fold.col = 21
pvalue = 0.05
gs_fdr = 0.1
min.size = 5
max.size = 100
method = fisher-exact
num_cores = 2
minedge = 3
top = 10
annot.only = TRUE
plot.annot.only = TRUE
dup.use.best = TRUE
dup.best.stat = fold-change
debug = FALSE
go.file = /nfs/production3/ma/home/atlas3-production/bioentity_properties/ensembl/oryza_sativa.ensgene.go.tsv
descr.file = /nfs/production3/ma/home/atlas3-production/analysis/differential/microarray/experiments/E-GEOD-33411/E-GEOD-33411.oryza_sativa.g5_g9.ensgene.go.tsv.aux1
title = 
Top 10 GO terms enriched in 
'IRBB5' vs 'IR24' at '0 hour' 
(Fisher-exact, FDR < 0.1)
out = /nfs/production3/ma/home/atlas3-production/analysis/differential/microarray/experiments/E-GEOD-33411/E-GEOD-33411.g5_g9.go.gsea
help = FALSE
[INFO] Reading /nfs/production3/ma/home/atlas3-production/analysis/differential/microarray/experiments/E-GEOD-33411/E-GEOD-33411_A-AFFY-126-analytics.tsv
[INFO] Found duplicated gene entries in /nfs/production3/ma/home/atlas3-production/analysis/differential/microarray/experiments/E-GEOD-33411/E-GEOD-33411_A-AFFY-126-analytics.tsv.
[INFO] Picking the best statistic for each set of entries related to a gene
[INFO] Starting with 32597 entries
[INFO] No more duplicates
[INFO] 26067 unique entries
[INFO] NAs removed: 22946
[INFO] Data in /nfs/production3/ma/home/atlas3-production/analysis/differential/microarray/experiments/E-GEOD-33411/E-GEOD-33411_A-AFFY-126-analytics.tsv loaded: 3121 entries
[INFO] Reading /nfs/production3/ma/home/atlas3-production/bioentity_properties/ensembl/oryza_sativa.ensgene.go.tsv
[INFO] Data in /nfs/production3/ma/home/atlas3-production/bioentity_properties/ensembl/oryza_sativa.ensgene.go.tsv loaded: 136928 entries
[INFO] Reading /nfs/production3/ma/home/atlas3-production/analysis/differential/microarray/experiments/E-GEOD-33411/E-GEOD-33411.oryza_sativa.g5_g9.ensgene.go.tsv.aux1
[INFO] Data in /nfs/production3/ma/home/atlas3-production/analysis/differential/microarray/experiments/E-GEOD-33411/E-GEOD-33411.oryza_sativa.g5_g9.ensgene.go.tsv.aux1 loaded: 5274 entries
[INFO] Starting to play piano...
[INFO] FC mean 0.42+-0.63
[INFO] p-value mean 0.45+-0.32
[INFO] Excluded 156 genes with no annotation
[INFO] #Genes=2296 #genes (pvalue<=0.05)=344
[INFO] Loading GSC...
[INFO] Gene sets:2135 genes:2245
[INFO] Running Fisher-exact test...
Using all genes in argument genes as universe.
Analyzing the overrepresentation of 344 genes of interest in 432 gene sets, using a background of 1952 non-interesting genes.
[INFO] Created /nfs/production3/ma/home/atlas3-production/analysis/differential/microarray/experiments/E-GEOD-33411/E-GEOD-33411.g5_g9.go.gsea.tsv
Loading required package: methods

Attaching package: ‘igraph’

The following objects are masked from ‘package:stats’:

    decompose, spectrum

The following object is masked from ‘package:base’:

    union

Loading required package: limma
[INFO] Generating plot /nfs/production3/ma/home/atlas3-production/analysis/differential/microarray/experiments/E-GEOD-33411/E-GEOD-33411.g5_g9.go.gsea_class_non_dir_both.png
There were 24 warnings (use warnings() to see them)
Calling command: 'irap_GSE_piano --tsv=/nfs/production3/ma/home/atlas3-production/analysis/differential/microarray/experiments/E-GEOD-33411/E-GEOD-33411_A-AFFY-126-analytics.tsv --pvalue-col=19 --foldchange-col=21 --title="
Top 10 InterPro domains enriched in 
'IRBB5' vs 'IR24' at '0 hour' 
(Fisher-exact, FDR < 0.1)" --pvalue=0.05 --gs_fdr=0.1 --method=fisher-exact --dup-use-best --plot-annot-only --top=10 --minsize 5 --maxsize 100 --descr /nfs/production3/ma/home/atlas3-production/bioentity_properties/interpro/interproIDToTypeTerm.tsv.decorate.aux --go=/nfs/production3/ma/home/atlas3-production/bioentity_properties/ensembl/oryza_sativa.ensgene.interpro.tsv --out=/nfs/production3/ma/home/atlas3-production/analysis/differential/microarray/experiments/E-GEOD-33411/E-GEOD-33411.g5_g9.interpro.gsea'
Warning messages:
1: replacing previous import by ‘igraph::union’ when loading ‘piano’ 
2: replacing previous import by ‘igraph::normalize’ when loading ‘piano’ 
[INFO] Parameters parsed.
annotation_col = GOterm
tsv.file = /nfs/production3/ma/home/atlas3-production/analysis/differential/microarray/experiments/E-GEOD-33411/E-GEOD-33411_A-AFFY-126-analytics.tsv
pval.col = 19
fold.col = 21
pvalue = 0.05
gs_fdr = 0.1
min.size = 5
max.size = 100
method = fisher-exact
num_cores = 2
minedge = 3
top = 10
annot.only = TRUE
plot.annot.only = TRUE
dup.use.best = TRUE
dup.best.stat = fold-change
debug = FALSE
go.file = /nfs/production3/ma/home/atlas3-production/bioentity_properties/ensembl/oryza_sativa.ensgene.interpro.tsv
descr.file = /nfs/production3/ma/home/atlas3-production/bioentity_properties/interpro/interproIDToTypeTerm.tsv.decorate.aux
title = 
Top 10 InterPro domains enriched in 
'IRBB5' vs 'IR24' at '0 hour' 
(Fisher-exact, FDR < 0.1)
out = /nfs/production3/ma/home/atlas3-production/analysis/differential/microarray/experiments/E-GEOD-33411/E-GEOD-33411.g5_g9.interpro.gsea
help = FALSE
[INFO] Reading /nfs/production3/ma/home/atlas3-production/analysis/differential/microarray/experiments/E-GEOD-33411/E-GEOD-33411_A-AFFY-126-analytics.tsv
[INFO] Found duplicated gene entries in /nfs/production3/ma/home/atlas3-production/analysis/differential/microarray/experiments/E-GEOD-33411/E-GEOD-33411_A-AFFY-126-analytics.tsv.
[INFO] Picking the best statistic for each set of entries related to a gene
[INFO] Starting with 32597 entries
[INFO] No more duplicates
[INFO] 26067 unique entries
[INFO] NAs removed: 22946
[INFO] Data in /nfs/production3/ma/home/atlas3-production/analysis/differential/microarray/experiments/E-GEOD-33411/E-GEOD-33411_A-AFFY-126-analytics.tsv loaded: 3121 entries
[INFO] Reading /nfs/production3/ma/home/atlas3-production/bioentity_properties/ensembl/oryza_sativa.ensgene.interpro.tsv
[INFO] Data in /nfs/production3/ma/home/atlas3-production/bioentity_properties/ensembl/oryza_sativa.ensgene.interpro.tsv loaded: 76803 entries
[INFO] Reading /nfs/production3/ma/home/atlas3-production/bioentity_properties/interpro/interproIDToTypeTerm.tsv.decorate.aux
[INFO] Data in /nfs/production3/ma/home/atlas3-production/bioentity_properties/interpro/interproIDToTypeTerm.tsv.decorate.aux loaded: 26238 entries
[INFO] Starting to play piano...
[INFO] FC mean 0.42+-0.63
[INFO] p-value mean 0.45+-0.32
[INFO] Excluded 133 genes with no annotation
[INFO] #Genes=2473 #genes (pvalue<=0.05)=367
[INFO] Loading GSC...
[INFO] Gene sets:2310 genes:2422
[INFO] Running Fisher-exact test...
Using all genes in argument genes as universe.
Analyzing the overrepresentation of 367 genes of interest in 301 gene sets, using a background of 2106 non-interesting genes.
[INFO] Created /nfs/production3/ma/home/atlas3-production/analysis/differential/microarray/experiments/E-GEOD-33411/E-GEOD-33411.g5_g9.interpro.gsea.tsv
Loading required package: methods

Attaching package: ‘igraph’

The following objects are masked from ‘package:stats’:

    decompose, spectrum

The following object is masked from ‘package:base’:

    union

Loading required package: limma
[WARNING] Skipping plot generation
Warning message:
In fisherNetworkPlot(fisherRes, edgeWidth = c(2, 20), adjusted = T,  :
  no overlap between gene sets found, try to decrease argument overlap or increase argument significance...fixing it for now
Calling command: 'irap_GSE_piano --tsv=/nfs/production3/ma/home/atlas3-production/analysis/differential/microarray/experiments/E-GEOD-33411/E-GEOD-33411_A-AFFY-126-analytics.tsv --pvalue-col=19 --foldchange-col=21 --title="
Top 10 Reactome pathways enriched in 
'IRBB5' vs 'IR24' at '0 hour' 
(Fisher-exact, FDR < 0.1)" --pvalue=0.05 --gs_fdr=0.1 --method=fisher-exact --dup-use-best --plot-annot-only --top=10 --minsize 5 --maxsize 100 --descr /nfs/production3/ma/home/atlas3-production/bioentity_properties/reactome/oryza_sativa.reactome.tsv.decorate.aux --go=/nfs/production3/ma/home/atlas3-production/bioentity_properties/reactome/oryza_sativa.reactome.tsv.gsea.aux --out=/nfs/production3/ma/home/atlas3-production/analysis/differential/microarray/experiments/E-GEOD-33411/E-GEOD-33411.g5_g9.reactome.gsea'
Warning messages:
1: replacing previous import by ‘igraph::union’ when loading ‘piano’ 
2: replacing previous import by ‘igraph::normalize’ when loading ‘piano’ 
[INFO] Parameters parsed.
annotation_col = GOterm
tsv.file = /nfs/production3/ma/home/atlas3-production/analysis/differential/microarray/experiments/E-GEOD-33411/E-GEOD-33411_A-AFFY-126-analytics.tsv
pval.col = 19
fold.col = 21
pvalue = 0.05
gs_fdr = 0.1
min.size = 5
max.size = 100
method = fisher-exact
num_cores = 2
minedge = 3
top = 10
annot.only = TRUE
plot.annot.only = TRUE
dup.use.best = TRUE
dup.best.stat = fold-change
debug = FALSE
go.file = /nfs/production3/ma/home/atlas3-production/bioentity_properties/reactome/oryza_sativa.reactome.tsv.gsea.aux
descr.file = /nfs/production3/ma/home/atlas3-production/bioentity_properties/reactome/oryza_sativa.reactome.tsv.decorate.aux
title = 
Top 10 Reactome pathways enriched in 
'IRBB5' vs 'IR24' at '0 hour' 
(Fisher-exact, FDR < 0.1)
out = /nfs/production3/ma/home/atlas3-production/analysis/differential/microarray/experiments/E-GEOD-33411/E-GEOD-33411.g5_g9.reactome.gsea
help = FALSE
[INFO] Reading /nfs/production3/ma/home/atlas3-production/analysis/differential/microarray/experiments/E-GEOD-33411/E-GEOD-33411_A-AFFY-126-analytics.tsv
[INFO] Found duplicated gene entries in /nfs/production3/ma/home/atlas3-production/analysis/differential/microarray/experiments/E-GEOD-33411/E-GEOD-33411_A-AFFY-126-analytics.tsv.
[INFO] Picking the best statistic for each set of entries related to a gene
[INFO] Starting with 32597 entries
[INFO] No more duplicates
[INFO] 26067 unique entries
[INFO] NAs removed: 22946
[INFO] Data in /nfs/production3/ma/home/atlas3-production/analysis/differential/microarray/experiments/E-GEOD-33411/E-GEOD-33411_A-AFFY-126-analytics.tsv loaded: 3121 entries
[INFO] Reading /nfs/production3/ma/home/atlas3-production/bioentity_properties/reactome/oryza_sativa.reactome.tsv.gsea.aux
[INFO] Data in /nfs/production3/ma/home/atlas3-production/bioentity_properties/reactome/oryza_sativa.reactome.tsv.gsea.aux loaded: 39114 entries
[INFO] Reading /nfs/production3/ma/home/atlas3-production/bioentity_properties/reactome/oryza_sativa.reactome.tsv.decorate.aux
[INFO] Data in /nfs/production3/ma/home/atlas3-production/bioentity_properties/reactome/oryza_sativa.reactome.tsv.decorate.aux loaded: 988 entries
[INFO] Starting to play piano...
[INFO] FC mean 0.42+-0.63
[INFO] p-value mean 0.45+-0.32
[INFO] Excluded 0 genes with no annotation
[INFO] #Genes=3121 #genes (pvalue<=0.05)=500
[WARNING] No gene annotation found...giving up. Please check if you have GO/Pathway information in /nfs/production3/ma/home/atlas3-production/bioentity_properties/reactome/oryza_sativa.reactome.tsv.gsea.aux.
[WARNING] No significant entries found for p-value of 0.05
[INFO] Created empty /nfs/production3/ma/home/atlas3-production/analysis/differential/microarray/experiments/E-GEOD-33411/E-GEOD-33411.g5_g9.reactome.gsea.tsv

------------------------------------------------------------
Sender: LSF System <lsf@ebi6-023>
Subject: Job 1038743: </nfs/production3/ma/home/atlas3-production/sw/atlasinstall_prod/atlasprod/irap/gxa_generate_gsea_for_differential_experiment.sh  /nfs/production3/ma/home/atlas3-production/analysis/differential/microarray/experiments/E-GEOD-33411 g5_g9 > in cluster <EBI> Done

Job </nfs/production3/ma/home/atlas3-production/sw/atlasinstall_prod/atlasprod/irap/gxa_generate_gsea_for_differential_experiment.sh  /nfs/production3/ma/home/atlas3-production/analysis/differential/microarray/experiments/E-GEOD-33411 g5_g9 > was submitted from host <ebi1-121> by user <fg_atlas> in cluster <EBI>.
Job was executed on host(s) <ebi6-023>, in queue <production-rh6>, as user <fg_atlas> in cluster <EBI>.
</net/isilonP/public/rw/homes/fg_atlas> was used as the home directory.
</nfs/production3/ma/home/atlas3-production/analysis/differential/microarray/experiments/E-GEOD-33411> was used as the working directory.
Started at Tue Apr 12 17:45:58 2016
Results reported at Tue Apr 12 18:06:58 2016

Your job looked like:

------------------------------------------------------------
# LSBATCH: User input
/nfs/production3/ma/home/atlas3-production/sw/atlasinstall_prod/atlasprod/irap/gxa_generate_gsea_for_differential_experiment.sh  /nfs/production3/ma/home/atlas3-production/analysis/differential/microarray/experiments/E-GEOD-33411 g5_g9 
------------------------------------------------------------

Successfully completed.

Resource usage summary:

    CPU time :               1234.35 sec.
    Max Memory :             120 MB
    Average Memory :         90.67 MB
    Total Requested Memory : 4096.00 MB
    Delta Memory :           3976.00 MB
    (Delta: the difference between total requested memory and actual max usage.)
    Max Swap :               755 MB

    Max Processes :          8
    Max Threads :            9

The output (if any) is above this job summary.



PS:

Read file <gseag5_g9.err> for stderr output of this job.

