
Reading and writing files in /nfs/production3/ma/home/atlas3-production/analysis/differential/rna-seq/experiments/E-GEOD-41487 

Reading experiment config from /nfs/production3/ma/home/atlas3-production/analysis/differential/rna-seq/experiments/E-GEOD-41487/E-GEOD-41487-configuration.xml ...
Finished reading experiment config
Reading SDRF from /nfs/ma/home/arrayexpress/ae2_production/data/EXPERIMENT/GEOD/E-GEOD-41487/E-GEOD-41487.sdrf.txt ...
Getting characteristic and factor column indices
Checking for technical replicates
Locating assay names...
Found assay names. Subsetting SDRF...
Finished subsetting SDRF.
No Unit columns found.
Fixing column headings...
Finished fixing column headings.
Removing duplicated columns...
Finished removing duplicated columns.
Applying new column headings...
Finished applying new column headings.
Removing duplicated rows...
Finished removing duplicated rows.
Finished reading SDRF
Creating experiment summary...
Experiment summary created.
Experiment summary written to /nfs/production3/ma/home/atlas3-production/analysis/differential/rna-seq/experiments/E-GEOD-41487/E-GEOD-41487-atlasExperimentSummary.Rdata 


------------------------------------------------------------
Sender: LSF System <lsf@ebi6-044>
Subject: Job 1035635: </nfs/production3/ma/home/atlas3-production/sw/atlasinstall_prod/atlasprod/analysis/atlasExperimentInR/createAtlasExperimentSummary.R E-GEOD-41487 /nfs/production3/ma/home/atlas3-production/analysis/differential/rna-seq/experiments/E-GEOD-41487  > in cluster <EBI> Done

Job </nfs/production3/ma/home/atlas3-production/sw/atlasinstall_prod/atlasprod/analysis/atlasExperimentInR/createAtlasExperimentSummary.R E-GEOD-41487 /nfs/production3/ma/home/atlas3-production/analysis/differential/rna-seq/experiments/E-GEOD-41487  > was submitted from host <ebi1-121> by user <fg_atlas> in cluster <EBI>.
Job was executed on host(s) <ebi6-044>, in queue <production-rh6>, as user <fg_atlas> in cluster <EBI>.
</net/isilonP/public/rw/homes/fg_atlas> was used as the home directory.
</nfs/production3/ma/home/atlas3-production/analysis/differential/rna-seq/experiments/E-GEOD-41487> was used as the working directory.
Started at Tue Apr 12 17:42:02 2016
Results reported at Tue Apr 12 17:42:10 2016

Your job looked like:

------------------------------------------------------------
# LSBATCH: User input
/nfs/production3/ma/home/atlas3-production/sw/atlasinstall_prod/atlasprod/analysis/atlasExperimentInR/createAtlasExperimentSummary.R E-GEOD-41487 /nfs/production3/ma/home/atlas3-production/analysis/differential/rna-seq/experiments/E-GEOD-41487  
------------------------------------------------------------

Successfully completed.

Resource usage summary:

    CPU time :               6.04 sec.
    Max Memory :             54 MB
    Average Memory :         54.00 MB
    Total Requested Memory : 32768.00 MB
    Delta Memory :           32714.00 MB
    (Delta: the difference between total requested memory and actual max usage.)
    Max Swap :               361 MB

    Max Processes :          3
    Max Threads :            4

The output (if any) is above this job summary.



PS:

Read file <R.err> for stderr output of this job.

