Calling command: 'irap_GSE_piano --tsv=/nfs/production3/ma/home/atlas3-production/analysis/differential/rna-seq/experiments/E-MTAB-4289/E-MTAB-4289-analytics.tsv --pvalue-col=3 --foldchange-col=4 --title="
Top 10 GO terms enriched in 
'Blumeria graminis; 24 hour' vs 'control' 
(Fisher-exact, FDR < 0.1)" --pvalue=0.05 --gs_fdr=0.1 --method=fisher-exact --dup-use-best --plot-annot-only --top=10 --minsize 5 --maxsize 100 --descr /nfs/production3/ma/home/atlas3-production/analysis/differential/rna-seq/experiments/E-MTAB-4289/E-MTAB-4289.triticum_aestivum.g7_g1.ensgene.go.tsv.aux1 --go=/nfs/production3/ma/home/atlas3-production/bioentity_properties/ensembl/triticum_aestivum.ensgene.go.tsv --out=/nfs/production3/ma/home/atlas3-production/analysis/differential/rna-seq/experiments/E-MTAB-4289/E-MTAB-4289.g7_g1.go.gsea'
Warning messages:
1: replacing previous import by ‘igraph::union’ when loading ‘piano’ 
2: replacing previous import by ‘igraph::normalize’ when loading ‘piano’ 
[INFO] Parameters parsed.
annotation_col = GOterm
tsv.file = /nfs/production3/ma/home/atlas3-production/analysis/differential/rna-seq/experiments/E-MTAB-4289/E-MTAB-4289-analytics.tsv
pval.col = 3
fold.col = 4
pvalue = 0.05
gs_fdr = 0.1
min.size = 5
max.size = 100
method = fisher-exact
num_cores = 2
minedge = 3
top = 10
annot.only = TRUE
plot.annot.only = TRUE
dup.use.best = TRUE
dup.best.stat = fold-change
debug = FALSE
go.file = /nfs/production3/ma/home/atlas3-production/bioentity_properties/ensembl/triticum_aestivum.ensgene.go.tsv
descr.file = /nfs/production3/ma/home/atlas3-production/analysis/differential/rna-seq/experiments/E-MTAB-4289/E-MTAB-4289.triticum_aestivum.g7_g1.ensgene.go.tsv.aux1
title = 
Top 10 GO terms enriched in 
'Blumeria graminis; 24 hour' vs 'control' 
(Fisher-exact, FDR < 0.1)
out = /nfs/production3/ma/home/atlas3-production/analysis/differential/rna-seq/experiments/E-MTAB-4289/E-MTAB-4289.g7_g1.go.gsea
help = FALSE
[INFO] Reading /nfs/production3/ma/home/atlas3-production/analysis/differential/rna-seq/experiments/E-MTAB-4289/E-MTAB-4289-analytics.tsv
[INFO] NAs removed: 54808
[INFO] Data in /nfs/production3/ma/home/atlas3-production/analysis/differential/rna-seq/experiments/E-MTAB-4289/E-MTAB-4289-analytics.tsv loaded: 57688 entries
[INFO] Reading /nfs/production3/ma/home/atlas3-production/bioentity_properties/ensembl/triticum_aestivum.ensgene.go.tsv
[INFO] Data in /nfs/production3/ma/home/atlas3-production/bioentity_properties/ensembl/triticum_aestivum.ensgene.go.tsv loaded: 239352 entries
[INFO] Reading /nfs/production3/ma/home/atlas3-production/analysis/differential/rna-seq/experiments/E-MTAB-4289/E-MTAB-4289.triticum_aestivum.g7_g1.ensgene.go.tsv.aux1
[INFO] Data in /nfs/production3/ma/home/atlas3-production/analysis/differential/rna-seq/experiments/E-MTAB-4289/E-MTAB-4289.triticum_aestivum.g7_g1.ensgene.go.tsv.aux1 loaded: 3923 entries
[INFO] Starting to play piano...
[INFO] FC mean 0.71+-1.08
[INFO] p-value mean 0.53+-0.35
[INFO] Excluded 2107 genes with no annotation
[INFO] #Genes=39364 #genes (pvalue<=0.05)=6980
[INFO] Loading GSC...
[INFO] Gene sets:3770 genes:38826
[INFO] Running Fisher-exact test...
Using all genes in argument genes as universe.
Analyzing the overrepresentation of 6980 genes of interest in 1713 gene sets, using a background of 32384 non-interesting genes.
[INFO] Created /nfs/production3/ma/home/atlas3-production/analysis/differential/rna-seq/experiments/E-MTAB-4289/E-MTAB-4289.g7_g1.go.gsea.tsv
Loading required package: methods

Attaching package: ‘igraph’

The following objects are masked from ‘package:stats’:

    decompose, spectrum

The following object is masked from ‘package:base’:

    union

Loading required package: limma
[INFO] Generating plot /nfs/production3/ma/home/atlas3-production/analysis/differential/rna-seq/experiments/E-MTAB-4289/E-MTAB-4289.g7_g1.go.gsea_class_non_dir_both.png
There were 30 warnings (use warnings() to see them)
Calling command: 'irap_GSE_piano --tsv=/nfs/production3/ma/home/atlas3-production/analysis/differential/rna-seq/experiments/E-MTAB-4289/E-MTAB-4289-analytics.tsv --pvalue-col=3 --foldchange-col=4 --title="
Top 10 InterPro domains enriched in 
'Blumeria graminis; 24 hour' vs 'control' 
(Fisher-exact, FDR < 0.1)" --pvalue=0.05 --gs_fdr=0.1 --method=fisher-exact --dup-use-best --plot-annot-only --top=10 --minsize 5 --maxsize 100 --descr /nfs/production3/ma/home/atlas3-production/bioentity_properties/interpro/interproIDToTypeTerm.tsv.decorate.aux --go=/nfs/production3/ma/home/atlas3-production/bioentity_properties/ensembl/triticum_aestivum.ensgene.interpro.tsv --out=/nfs/production3/ma/home/atlas3-production/analysis/differential/rna-seq/experiments/E-MTAB-4289/E-MTAB-4289.g7_g1.interpro.gsea'
Warning messages:
1: replacing previous import by ‘igraph::union’ when loading ‘piano’ 
2: replacing previous import by ‘igraph::normalize’ when loading ‘piano’ 
[INFO] Parameters parsed.
annotation_col = GOterm
tsv.file = /nfs/production3/ma/home/atlas3-production/analysis/differential/rna-seq/experiments/E-MTAB-4289/E-MTAB-4289-analytics.tsv
pval.col = 3
fold.col = 4
pvalue = 0.05
gs_fdr = 0.1
min.size = 5
max.size = 100
method = fisher-exact
num_cores = 2
minedge = 3
top = 10
annot.only = TRUE
plot.annot.only = TRUE
dup.use.best = TRUE
dup.best.stat = fold-change
debug = FALSE
go.file = /nfs/production3/ma/home/atlas3-production/bioentity_properties/ensembl/triticum_aestivum.ensgene.interpro.tsv
descr.file = /nfs/production3/ma/home/atlas3-production/bioentity_properties/interpro/interproIDToTypeTerm.tsv.decorate.aux
title = 
Top 10 InterPro domains enriched in 
'Blumeria graminis; 24 hour' vs 'control' 
(Fisher-exact, FDR < 0.1)
out = /nfs/production3/ma/home/atlas3-production/analysis/differential/rna-seq/experiments/E-MTAB-4289/E-MTAB-4289.g7_g1.interpro.gsea
help = FALSE
[INFO] Reading /nfs/production3/ma/home/atlas3-production/analysis/differential/rna-seq/experiments/E-MTAB-4289/E-MTAB-4289-analytics.tsv
[INFO] NAs removed: 54808
[INFO] Data in /nfs/production3/ma/home/atlas3-production/analysis/differential/rna-seq/experiments/E-MTAB-4289/E-MTAB-4289-analytics.tsv loaded: 57688 entries
[INFO] Reading /nfs/production3/ma/home/atlas3-production/bioentity_properties/ensembl/triticum_aestivum.ensgene.interpro.tsv
[INFO] Data in /nfs/production3/ma/home/atlas3-production/bioentity_properties/ensembl/triticum_aestivum.ensgene.interpro.tsv loaded: 223327 entries
[INFO] Reading /nfs/production3/ma/home/atlas3-production/bioentity_properties/interpro/interproIDToTypeTerm.tsv.decorate.aux
[INFO] Data in /nfs/production3/ma/home/atlas3-production/bioentity_properties/interpro/interproIDToTypeTerm.tsv.decorate.aux loaded: 26238 entries
[INFO] Starting to play piano...
[INFO] FC mean 0.71+-1.08
[INFO] p-value mean 0.53+-0.35
[INFO] Excluded 960 genes with no annotation
[INFO] #Genes=47924 #genes (pvalue<=0.05)=8127
[INFO] Loading GSC...
[INFO] Gene sets:6447 genes:47386
[INFO] Running Fisher-exact test...
Using all genes in argument genes as universe.
Analyzing the overrepresentation of 8127 genes of interest in 3510 gene sets, using a background of 39797 non-interesting genes.
[INFO] Created /nfs/production3/ma/home/atlas3-production/analysis/differential/rna-seq/experiments/E-MTAB-4289/E-MTAB-4289.g7_g1.interpro.gsea.tsv
Loading required package: methods

Attaching package: ‘igraph’

The following objects are masked from ‘package:stats’:

    decompose, spectrum

The following object is masked from ‘package:base’:

    union

Loading required package: limma
[INFO] Generating plot /nfs/production3/ma/home/atlas3-production/analysis/differential/rna-seq/experiments/E-MTAB-4289/E-MTAB-4289.g7_g1.interpro.gsea_class_non_dir_both.png
There were 18 warnings (use warnings() to see them)
Calling command: 'irap_GSE_piano --tsv=/nfs/production3/ma/home/atlas3-production/analysis/differential/rna-seq/experiments/E-MTAB-4289/E-MTAB-4289-analytics.tsv --pvalue-col=3 --foldchange-col=4 --title="
Top 10 Reactome pathways enriched in 
'Blumeria graminis; 24 hour' vs 'control' 
(Fisher-exact, FDR < 0.1)" --pvalue=0.05 --gs_fdr=0.1 --method=fisher-exact --dup-use-best --plot-annot-only --top=10 --minsize 5 --maxsize 100 --descr /nfs/production3/ma/home/atlas3-production/bioentity_properties/reactome/triticum_aestivum.reactome.tsv.decorate.aux --go=/nfs/production3/ma/home/atlas3-production/bioentity_properties/reactome/triticum_aestivum.reactome.tsv.gsea.aux --out=/nfs/production3/ma/home/atlas3-production/analysis/differential/rna-seq/experiments/E-MTAB-4289/E-MTAB-4289.g7_g1.reactome.gsea'
Warning messages:
1: replacing previous import by ‘igraph::union’ when loading ‘piano’ 
2: replacing previous import by ‘igraph::normalize’ when loading ‘piano’ 
[INFO] Parameters parsed.
annotation_col = GOterm
tsv.file = /nfs/production3/ma/home/atlas3-production/analysis/differential/rna-seq/experiments/E-MTAB-4289/E-MTAB-4289-analytics.tsv
pval.col = 3
fold.col = 4
pvalue = 0.05
gs_fdr = 0.1
min.size = 5
max.size = 100
method = fisher-exact
num_cores = 2
minedge = 3
top = 10
annot.only = TRUE
plot.annot.only = TRUE
dup.use.best = TRUE
dup.best.stat = fold-change
debug = FALSE
go.file = /nfs/production3/ma/home/atlas3-production/bioentity_properties/reactome/triticum_aestivum.reactome.tsv.gsea.aux
descr.file = /nfs/production3/ma/home/atlas3-production/bioentity_properties/reactome/triticum_aestivum.reactome.tsv.decorate.aux
title = 
Top 10 Reactome pathways enriched in 
'Blumeria graminis; 24 hour' vs 'control' 
(Fisher-exact, FDR < 0.1)
out = /nfs/production3/ma/home/atlas3-production/analysis/differential/rna-seq/experiments/E-MTAB-4289/E-MTAB-4289.g7_g1.reactome.gsea
help = FALSE
[INFO] Reading /nfs/production3/ma/home/atlas3-production/analysis/differential/rna-seq/experiments/E-MTAB-4289/E-MTAB-4289-analytics.tsv
[INFO] NAs removed: 54808
[INFO] Data in /nfs/production3/ma/home/atlas3-production/analysis/differential/rna-seq/experiments/E-MTAB-4289/E-MTAB-4289-analytics.tsv loaded: 57688 entries
[INFO] Reading /nfs/production3/ma/home/atlas3-production/bioentity_properties/reactome/triticum_aestivum.reactome.tsv.gsea.aux
[INFO] Data in /nfs/production3/ma/home/atlas3-production/bioentity_properties/reactome/triticum_aestivum.reactome.tsv.gsea.aux loaded: 10126 entries
[INFO] Reading /nfs/production3/ma/home/atlas3-production/bioentity_properties/reactome/triticum_aestivum.reactome.tsv.decorate.aux
[INFO] Data in /nfs/production3/ma/home/atlas3-production/bioentity_properties/reactome/triticum_aestivum.reactome.tsv.decorate.aux loaded: 193 entries
[INFO] Starting to play piano...
[INFO] FC mean 0.71+-1.08
[INFO] p-value mean 0.53+-0.35
[INFO] Excluded 0 genes with no annotation
[INFO] #Genes=57688 #genes (pvalue<=0.05)=9087
[INFO] Loading GSC...
[INFO] Gene sets:191 genes:1776
[INFO] Running Fisher-exact test...
Using all genes in argument genes as universe.
Analyzing the overrepresentation of 9087 genes of interest in 140 gene sets, using a background of 48601 non-interesting genes.
[INFO] Created /nfs/production3/ma/home/atlas3-production/analysis/differential/rna-seq/experiments/E-MTAB-4289/E-MTAB-4289.g7_g1.reactome.gsea.tsv
Loading required package: methods

Attaching package: ‘igraph’

The following objects are masked from ‘package:stats’:

    decompose, spectrum

The following object is masked from ‘package:base’:

    union

Loading required package: limma
[INFO] Generating plot /nfs/production3/ma/home/atlas3-production/analysis/differential/rna-seq/experiments/E-MTAB-4289/E-MTAB-4289.g7_g1.reactome.gsea_class_non_dir_both.png
There were 18 warnings (use warnings() to see them)

------------------------------------------------------------
Sender: LSF System <lsf@ebi5-269>
Subject: Job 1040471: </nfs/production3/ma/home/atlas3-production/sw/atlasinstall_prod/atlasprod/irap/gxa_generate_gsea_for_differential_experiment.sh  /nfs/production3/ma/home/atlas3-production/analysis/differential/rna-seq/experiments/E-MTAB-4289 g7_g1 > in cluster <EBI> Done

Job </nfs/production3/ma/home/atlas3-production/sw/atlasinstall_prod/atlasprod/irap/gxa_generate_gsea_for_differential_experiment.sh  /nfs/production3/ma/home/atlas3-production/analysis/differential/rna-seq/experiments/E-MTAB-4289 g7_g1 > was submitted from host <ebi1-121> by user <fg_atlas> in cluster <EBI>.
Job was executed on host(s) <ebi5-269>, in queue <production-rh6>, as user <fg_atlas> in cluster <EBI>.
</net/isilonP/public/rw/homes/fg_atlas> was used as the home directory.
</nfs/production3/ma/home/atlas3-production/analysis/differential/rna-seq/experiments/E-MTAB-4289> was used as the working directory.
Started at Tue Apr 12 18:02:07 2016
Results reported at Tue Apr 12 18:07:36 2016

Your job looked like:

------------------------------------------------------------
# LSBATCH: User input
/nfs/production3/ma/home/atlas3-production/sw/atlasinstall_prod/atlasprod/irap/gxa_generate_gsea_for_differential_experiment.sh  /nfs/production3/ma/home/atlas3-production/analysis/differential/rna-seq/experiments/E-MTAB-4289 g7_g1 
------------------------------------------------------------

Successfully completed.

Resource usage summary:

    CPU time :               310.13 sec.
    Max Memory :             311 MB
    Average Memory :         230.84 MB
    Total Requested Memory : 4096.00 MB
    Delta Memory :           3785.00 MB
    (Delta: the difference between total requested memory and actual max usage.)
    Max Swap :               1377 MB

    Max Processes :          7
    Max Threads :            8

The output (if any) is above this job summary.



PS:

Read file <gseag7_g1.err> for stderr output of this job.

