[INFO] GFF file loaded: 33602 entries.
[INFO] Loading /nfs/production3/ma/home/atlas3-production/analysis/differential/microarray/experiments/E-GEOD-5614/E-GEOD-5614_A-AFFY-2-analytics.tsv
[INFO] Loaded /nfs/production3/ma/home/atlas3-production/analysis/differential/microarray/experiments/E-GEOD-5614/E-GEOD-5614_A-AFFY-2-analytics.tsv
[INFO] Columns:Gene ID
 [INFO] Columns:Gene Name
 [INFO] Columns:Design Element
 [INFO] Columns:g2_g1.p-value
 [INFO] Columns:g2_g1.t-statistic
 [INFO] Columns:g2_g1.log2foldchange
[INFO] numeric
[INFO] numeric
[INFO] Excluding duplicates
[INFO] #Features with data:21122
[INFO] # values:21122
[INFO] Found 20349 NA values and 0 +-Inf
[INFO] Entries with NAs removed
[INFO] All done!
[INFO] GFF file loaded: 33602 entries.
[INFO] Loading /nfs/production3/ma/home/atlas3-production/analysis/differential/microarray/experiments/E-GEOD-5614/E-GEOD-5614_A-AFFY-2-analytics.tsv
[INFO] Loaded /nfs/production3/ma/home/atlas3-production/analysis/differential/microarray/experiments/E-GEOD-5614/E-GEOD-5614_A-AFFY-2-analytics.tsv
[INFO] Columns:Gene ID
 [INFO] Columns:Gene Name
 [INFO] Columns:Design Element
 [INFO] Columns:g2_g1.p-value
 [INFO] Columns:g2_g1.t-statistic
 [INFO] Columns:g2_g1.log2foldchange
[INFO] numeric
[INFO] Excluding duplicates
[INFO] #Features with data:21122
[INFO] # values:21122
[INFO] Found 0 NA values and 0 +-Inf
[INFO] All done!

------------------------------------------------------------
Sender: LSF System <lsf@ebi5-061>
Subject: Job 1032517: </nfs/production3/ma/home/atlas3-production/sw/atlasinstall_prod/atlasprod/irap/gxa_generate_tracks_for_experiment.sh  /nfs/production3/ma/home/atlas3-production/analysis/differential/microarray/experiments/E-GEOD-5614  > in cluster <EBI> Done

Job </nfs/production3/ma/home/atlas3-production/sw/atlasinstall_prod/atlasprod/irap/gxa_generate_tracks_for_experiment.sh  /nfs/production3/ma/home/atlas3-production/analysis/differential/microarray/experiments/E-GEOD-5614  > was submitted from host <ebi1-121> by user <fg_atlas> in cluster <EBI>.
Job was executed on host(s) <ebi5-061>, in queue <production-rh6>, as user <fg_atlas> in cluster <EBI>.
</net/isilonP/public/rw/homes/fg_atlas> was used as the home directory.
</nfs/production3/ma/home/atlas3-production/analysis/differential/microarray/experiments/E-GEOD-5614> was used as the working directory.
Started at Tue Apr 12 17:30:00 2016
Results reported at Tue Apr 12 17:30:35 2016

Your job looked like:

------------------------------------------------------------
# LSBATCH: User input
/nfs/production3/ma/home/atlas3-production/sw/atlasinstall_prod/atlasprod/irap/gxa_generate_tracks_for_experiment.sh  /nfs/production3/ma/home/atlas3-production/analysis/differential/microarray/experiments/E-GEOD-5614  
------------------------------------------------------------

Successfully completed.

Resource usage summary:

    CPU time :               32.93 sec.
    Max Memory :             259 MB
    Average Memory :         151.00 MB
    Total Requested Memory : 4096.00 MB
    Delta Memory :           3837.00 MB
    (Delta: the difference between total requested memory and actual max usage.)
    Max Swap :               761 MB

    Max Processes :          5
    Max Threads :            6

The output (if any) is above this job summary.



PS:

Read file <tracks.err> for stderr output of this job.

