Calling command: 'irap_GSE_piano --tsv=/nfs/production3/ma/home/atlas3-production/analysis/differential/rna-seq/experiments/E-GEOD-54153/E-GEOD-54153-analytics.tsv --pvalue-col=3 --foldchange-col=4 --title="
Top 10 GO terms enriched in 
'Ptr-MIR397a overexpression' vs 'wild type' 
(Fisher-exact, FDR < 0.1)" --pvalue=0.05 --gs_fdr=0.1 --method=fisher-exact --dup-use-best --plot-annot-only --top=10 --minsize 5 --maxsize 100 --descr /nfs/production3/ma/home/atlas3-production/analysis/differential/rna-seq/experiments/E-GEOD-54153/E-GEOD-54153.populus_trichocarpa.g2_g1.ensgene.go.tsv.aux1 --go=/nfs/production3/ma/home/atlas3-production/bioentity_properties/ensembl/populus_trichocarpa.ensgene.go.tsv --out=/nfs/production3/ma/home/atlas3-production/analysis/differential/rna-seq/experiments/E-GEOD-54153/E-GEOD-54153.g2_g1.go.gsea'
Warning messages:
1: replacing previous import by ‘igraph::union’ when loading ‘piano’ 
2: replacing previous import by ‘igraph::normalize’ when loading ‘piano’ 
[INFO] Parameters parsed.
annotation_col = GOterm
tsv.file = /nfs/production3/ma/home/atlas3-production/analysis/differential/rna-seq/experiments/E-GEOD-54153/E-GEOD-54153-analytics.tsv
pval.col = 3
fold.col = 4
pvalue = 0.05
gs_fdr = 0.1
min.size = 5
max.size = 100
method = fisher-exact
num_cores = 2
minedge = 3
top = 10
annot.only = TRUE
plot.annot.only = TRUE
dup.use.best = TRUE
dup.best.stat = fold-change
debug = FALSE
go.file = /nfs/production3/ma/home/atlas3-production/bioentity_properties/ensembl/populus_trichocarpa.ensgene.go.tsv
descr.file = /nfs/production3/ma/home/atlas3-production/analysis/differential/rna-seq/experiments/E-GEOD-54153/E-GEOD-54153.populus_trichocarpa.g2_g1.ensgene.go.tsv.aux1
title = 
Top 10 GO terms enriched in 
'Ptr-MIR397a overexpression' vs 'wild type' 
(Fisher-exact, FDR < 0.1)
out = /nfs/production3/ma/home/atlas3-production/analysis/differential/rna-seq/experiments/E-GEOD-54153/E-GEOD-54153.g2_g1.go.gsea
help = FALSE
[INFO] Reading /nfs/production3/ma/home/atlas3-production/analysis/differential/rna-seq/experiments/E-GEOD-54153/E-GEOD-54153-analytics.tsv
[INFO] NAs removed: 17587
[INFO] Data in /nfs/production3/ma/home/atlas3-production/analysis/differential/rna-seq/experiments/E-GEOD-54153/E-GEOD-54153-analytics.tsv loaded: 21422 entries
[INFO] Reading /nfs/production3/ma/home/atlas3-production/bioentity_properties/ensembl/populus_trichocarpa.ensgene.go.tsv
[INFO] Data in /nfs/production3/ma/home/atlas3-production/bioentity_properties/ensembl/populus_trichocarpa.ensgene.go.tsv loaded: 143299 entries
[INFO] Reading /nfs/production3/ma/home/atlas3-production/analysis/differential/rna-seq/experiments/E-GEOD-54153/E-GEOD-54153.populus_trichocarpa.g2_g1.ensgene.go.tsv.aux1
[INFO] Data in /nfs/production3/ma/home/atlas3-production/analysis/differential/rna-seq/experiments/E-GEOD-54153/E-GEOD-54153.populus_trichocarpa.g2_g1.ensgene.go.tsv.aux1 loaded: 4762 entries
[INFO] Starting to play piano...
[INFO] FC mean 0.12+-0.16
[INFO] p-value mean 0.72+-0.23
[INFO] Excluded 26 genes with no annotation
[INFO] #Genes=16531 #genes (pvalue<=0.05)=92
[INFO] Loading GSC...
[INFO] Gene sets:4487 genes:16531
[INFO] Running Fisher-exact test...
Using all genes in argument genes as universe.
Analyzing the overrepresentation of 92 genes of interest in 1564 gene sets, using a background of 16439 non-interesting genes.
[INFO] Created /nfs/production3/ma/home/atlas3-production/analysis/differential/rna-seq/experiments/E-GEOD-54153/E-GEOD-54153.g2_g1.go.gsea.tsv
Loading required package: methods

Attaching package: ‘igraph’

The following objects are masked from ‘package:stats’:

    decompose, spectrum

The following object is masked from ‘package:base’:

    union

Loading required package: limma
[INFO] Generating plot /nfs/production3/ma/home/atlas3-production/analysis/differential/rna-seq/experiments/E-GEOD-54153/E-GEOD-54153.g2_g1.go.gsea_class_non_dir_both.png
There were 12 warnings (use warnings() to see them)
Calling command: 'irap_GSE_piano --tsv=/nfs/production3/ma/home/atlas3-production/analysis/differential/rna-seq/experiments/E-GEOD-54153/E-GEOD-54153-analytics.tsv --pvalue-col=3 --foldchange-col=4 --title="
Top 10 InterPro domains enriched in 
'Ptr-MIR397a overexpression' vs 'wild type' 
(Fisher-exact, FDR < 0.1)" --pvalue=0.05 --gs_fdr=0.1 --method=fisher-exact --dup-use-best --plot-annot-only --top=10 --minsize 5 --maxsize 100 --descr /nfs/production3/ma/home/atlas3-production/bioentity_properties/interpro/interproIDToTypeTerm.tsv.decorate.aux --go=/nfs/production3/ma/home/atlas3-production/bioentity_properties/ensembl/populus_trichocarpa.ensgene.interpro.tsv --out=/nfs/production3/ma/home/atlas3-production/analysis/differential/rna-seq/experiments/E-GEOD-54153/E-GEOD-54153.g2_g1.interpro.gsea'
Warning messages:
1: replacing previous import by ‘igraph::union’ when loading ‘piano’ 
2: replacing previous import by ‘igraph::normalize’ when loading ‘piano’ 
[INFO] Parameters parsed.
annotation_col = GOterm
tsv.file = /nfs/production3/ma/home/atlas3-production/analysis/differential/rna-seq/experiments/E-GEOD-54153/E-GEOD-54153-analytics.tsv
pval.col = 3
fold.col = 4
pvalue = 0.05
gs_fdr = 0.1
min.size = 5
max.size = 100
method = fisher-exact
num_cores = 2
minedge = 3
top = 10
annot.only = TRUE
plot.annot.only = TRUE
dup.use.best = TRUE
dup.best.stat = fold-change
debug = FALSE
go.file = /nfs/production3/ma/home/atlas3-production/bioentity_properties/ensembl/populus_trichocarpa.ensgene.interpro.tsv
descr.file = /nfs/production3/ma/home/atlas3-production/bioentity_properties/interpro/interproIDToTypeTerm.tsv.decorate.aux
title = 
Top 10 InterPro domains enriched in 
'Ptr-MIR397a overexpression' vs 'wild type' 
(Fisher-exact, FDR < 0.1)
out = /nfs/production3/ma/home/atlas3-production/analysis/differential/rna-seq/experiments/E-GEOD-54153/E-GEOD-54153.g2_g1.interpro.gsea
help = FALSE
[INFO] Reading /nfs/production3/ma/home/atlas3-production/analysis/differential/rna-seq/experiments/E-GEOD-54153/E-GEOD-54153-analytics.tsv
[INFO] NAs removed: 17587
[INFO] Data in /nfs/production3/ma/home/atlas3-production/analysis/differential/rna-seq/experiments/E-GEOD-54153/E-GEOD-54153-analytics.tsv loaded: 21422 entries
[INFO] Reading /nfs/production3/ma/home/atlas3-production/bioentity_properties/ensembl/populus_trichocarpa.ensgene.interpro.tsv
[INFO] Data in /nfs/production3/ma/home/atlas3-production/bioentity_properties/ensembl/populus_trichocarpa.ensgene.interpro.tsv loaded: 94579 entries
[INFO] Reading /nfs/production3/ma/home/atlas3-production/bioentity_properties/interpro/interproIDToTypeTerm.tsv.decorate.aux
[INFO] Data in /nfs/production3/ma/home/atlas3-production/bioentity_properties/interpro/interproIDToTypeTerm.tsv.decorate.aux loaded: 26238 entries
[INFO] Starting to play piano...
[INFO] FC mean 0.12+-0.16
[INFO] p-value mean 0.72+-0.23
[INFO] Excluded 15 genes with no annotation
[INFO] #Genes=18481 #genes (pvalue<=0.05)=103
[INFO] Loading GSC...
[INFO] Gene sets:6442 genes:18481
[INFO] Running Fisher-exact test...
Using all genes in argument genes as universe.
Analyzing the overrepresentation of 103 genes of interest in 1987 gene sets, using a background of 18378 non-interesting genes.
[INFO] Created /nfs/production3/ma/home/atlas3-production/analysis/differential/rna-seq/experiments/E-GEOD-54153/E-GEOD-54153.g2_g1.interpro.gsea.tsv
Loading required package: methods

Attaching package: ‘igraph’

The following objects are masked from ‘package:stats’:

    decompose, spectrum

The following object is masked from ‘package:base’:

    union

Loading required package: limma
[INFO] Generating plot /nfs/production3/ma/home/atlas3-production/analysis/differential/rna-seq/experiments/E-GEOD-54153/E-GEOD-54153.g2_g1.interpro.gsea_class_non_dir_both.png
There were 50 or more warnings (use warnings() to see the first 50)
Calling command: 'irap_GSE_piano --tsv=/nfs/production3/ma/home/atlas3-production/analysis/differential/rna-seq/experiments/E-GEOD-54153/E-GEOD-54153-analytics.tsv --pvalue-col=3 --foldchange-col=4 --title="
Top 10 Reactome pathways enriched in 
'Ptr-MIR397a overexpression' vs 'wild type' 
(Fisher-exact, FDR < 0.1)" --pvalue=0.05 --gs_fdr=0.1 --method=fisher-exact --dup-use-best --plot-annot-only --top=10 --minsize 5 --maxsize 100 --descr /nfs/production3/ma/home/atlas3-production/bioentity_properties/reactome/populus_trichocarpa.reactome.tsv.decorate.aux --go=/nfs/production3/ma/home/atlas3-production/bioentity_properties/reactome/populus_trichocarpa.reactome.tsv.gsea.aux --out=/nfs/production3/ma/home/atlas3-production/analysis/differential/rna-seq/experiments/E-GEOD-54153/E-GEOD-54153.g2_g1.reactome.gsea'
Warning messages:
1: replacing previous import by ‘igraph::union’ when loading ‘piano’ 
2: replacing previous import by ‘igraph::normalize’ when loading ‘piano’ 
[INFO] Parameters parsed.
annotation_col = GOterm
tsv.file = /nfs/production3/ma/home/atlas3-production/analysis/differential/rna-seq/experiments/E-GEOD-54153/E-GEOD-54153-analytics.tsv
pval.col = 3
fold.col = 4
pvalue = 0.05
gs_fdr = 0.1
min.size = 5
max.size = 100
method = fisher-exact
num_cores = 2
minedge = 3
top = 10
annot.only = TRUE
plot.annot.only = TRUE
dup.use.best = TRUE
dup.best.stat = fold-change
debug = FALSE
go.file = /nfs/production3/ma/home/atlas3-production/bioentity_properties/reactome/populus_trichocarpa.reactome.tsv.gsea.aux
descr.file = /nfs/production3/ma/home/atlas3-production/bioentity_properties/reactome/populus_trichocarpa.reactome.tsv.decorate.aux
title = 
Top 10 Reactome pathways enriched in 
'Ptr-MIR397a overexpression' vs 'wild type' 
(Fisher-exact, FDR < 0.1)
out = /nfs/production3/ma/home/atlas3-production/analysis/differential/rna-seq/experiments/E-GEOD-54153/E-GEOD-54153.g2_g1.reactome.gsea
help = FALSE
[INFO] Reading /nfs/production3/ma/home/atlas3-production/analysis/differential/rna-seq/experiments/E-GEOD-54153/E-GEOD-54153-analytics.tsv
[INFO] NAs removed: 17587
[INFO] Data in /nfs/production3/ma/home/atlas3-production/analysis/differential/rna-seq/experiments/E-GEOD-54153/E-GEOD-54153-analytics.tsv loaded: 21422 entries
[INFO] Reading /nfs/production3/ma/home/atlas3-production/bioentity_properties/reactome/populus_trichocarpa.reactome.tsv.gsea.aux
[INFO] Data in /nfs/production3/ma/home/atlas3-production/bioentity_properties/reactome/populus_trichocarpa.reactome.tsv.gsea.aux loaded: 5564 entries
[INFO] Reading /nfs/production3/ma/home/atlas3-production/bioentity_properties/reactome/populus_trichocarpa.reactome.tsv.decorate.aux
[INFO] Data in /nfs/production3/ma/home/atlas3-production/bioentity_properties/reactome/populus_trichocarpa.reactome.tsv.decorate.aux loaded: 188 entries
[INFO] Starting to play piano...
[INFO] FC mean 0.12+-0.16
[INFO] p-value mean 0.72+-0.23
[INFO] Excluded 0 genes with no annotation
[INFO] #Genes=21422 #genes (pvalue<=0.05)=118
[INFO] Loading GSC...
[INFO] Gene sets:182 genes:905
[INFO] Running Fisher-exact test...
Using all genes in argument genes as universe.
Analyzing the overrepresentation of 118 genes of interest in 104 gene sets, using a background of 21304 non-interesting genes.
[INFO] Created /nfs/production3/ma/home/atlas3-production/analysis/differential/rna-seq/experiments/E-GEOD-54153/E-GEOD-54153.g2_g1.reactome.gsea.tsv
[WARNING] Insufficient gene sets () to draw a plot - plot not generated.

------------------------------------------------------------
Sender: LSF System <lsf@ebi5-051>
Subject: Job 1040280: </nfs/production3/ma/home/atlas3-production/sw/atlasinstall_prod/atlasprod/irap/gxa_generate_gsea_for_differential_experiment.sh  /nfs/production3/ma/home/atlas3-production/analysis/differential/rna-seq/experiments/E-GEOD-54153 g2_g1 > in cluster <EBI> Done

Job </nfs/production3/ma/home/atlas3-production/sw/atlasinstall_prod/atlasprod/irap/gxa_generate_gsea_for_differential_experiment.sh  /nfs/production3/ma/home/atlas3-production/analysis/differential/rna-seq/experiments/E-GEOD-54153 g2_g1 > was submitted from host <ebi1-121> by user <fg_atlas> in cluster <EBI>.
Job was executed on host(s) <ebi5-051>, in queue <production-rh6>, as user <fg_atlas> in cluster <EBI>.
</net/isilonP/public/rw/homes/fg_atlas> was used as the home directory.
</nfs/production3/ma/home/atlas3-production/analysis/differential/rna-seq/experiments/E-GEOD-54153> was used as the working directory.
Started at Tue Apr 12 18:00:08 2016
Results reported at Tue Apr 12 18:02:03 2016

Your job looked like:

------------------------------------------------------------
# LSBATCH: User input
/nfs/production3/ma/home/atlas3-production/sw/atlasinstall_prod/atlasprod/irap/gxa_generate_gsea_for_differential_experiment.sh  /nfs/production3/ma/home/atlas3-production/analysis/differential/rna-seq/experiments/E-GEOD-54153 g2_g1 
------------------------------------------------------------

Successfully completed.

Resource usage summary:

    CPU time :               96.11 sec.
    Max Memory :             236 MB
    Average Memory :         142.75 MB
    Total Requested Memory : 4096.00 MB
    Delta Memory :           3860.00 MB
    (Delta: the difference between total requested memory and actual max usage.)
    Max Swap :               1280 MB

    Max Processes :          8
    Max Threads :            9

The output (if any) is above this job summary.



PS:

Read file <gseag2_g1.err> for stderr output of this job.

