Calling command: 'irap_GSE_piano --tsv=/nfs/production3/ma/home/atlas3-production/analysis/differential/microarray/experiments/E-MEXP-1282/E-MEXP-1282_A-AFFY-78-analytics.tsv --pvalue-col=4 --foldchange-col=6 --title="
Top 10 GO terms enriched in 
'berry ripening stage 36 E-L' vs 'berry formation stage 33 E-L' in '2005' 
(Fisher-exact, FDR < 0.1)" --pvalue=0.05 --gs_fdr=0.1 --method=fisher-exact --dup-use-best --plot-annot-only --top=10 --minsize 5 --maxsize 100 --descr /nfs/production3/ma/home/atlas3-production/analysis/differential/microarray/experiments/E-MEXP-1282/E-MEXP-1282.vitis_vinifera.g6_g3.ensgene.go.tsv.aux1 --go=/nfs/production3/ma/home/atlas3-production/bioentity_properties/ensembl/vitis_vinifera.ensgene.go.tsv --out=/nfs/production3/ma/home/atlas3-production/analysis/differential/microarray/experiments/E-MEXP-1282/E-MEXP-1282.g6_g3.go.gsea'
Warning messages:
1: replacing previous import by ‘igraph::union’ when loading ‘piano’ 
2: replacing previous import by ‘igraph::normalize’ when loading ‘piano’ 
[INFO] Parameters parsed.
annotation_col = GOterm
tsv.file = /nfs/production3/ma/home/atlas3-production/analysis/differential/microarray/experiments/E-MEXP-1282/E-MEXP-1282_A-AFFY-78-analytics.tsv
pval.col = 4
fold.col = 6
pvalue = 0.05
gs_fdr = 0.1
min.size = 5
max.size = 100
method = fisher-exact
num_cores = 2
minedge = 3
top = 10
annot.only = TRUE
plot.annot.only = TRUE
dup.use.best = TRUE
dup.best.stat = fold-change
debug = FALSE
go.file = /nfs/production3/ma/home/atlas3-production/bioentity_properties/ensembl/vitis_vinifera.ensgene.go.tsv
descr.file = /nfs/production3/ma/home/atlas3-production/analysis/differential/microarray/experiments/E-MEXP-1282/E-MEXP-1282.vitis_vinifera.g6_g3.ensgene.go.tsv.aux1
title = 
Top 10 GO terms enriched in 
'berry ripening stage 36 E-L' vs 'berry formation stage 33 E-L' in '2005' 
(Fisher-exact, FDR < 0.1)
out = /nfs/production3/ma/home/atlas3-production/analysis/differential/microarray/experiments/E-MEXP-1282/E-MEXP-1282.g6_g3.go.gsea
help = FALSE
[INFO] Reading /nfs/production3/ma/home/atlas3-production/analysis/differential/microarray/experiments/E-MEXP-1282/E-MEXP-1282_A-AFFY-78-analytics.tsv
[INFO] Found duplicated gene entries in /nfs/production3/ma/home/atlas3-production/analysis/differential/microarray/experiments/E-MEXP-1282/E-MEXP-1282_A-AFFY-78-analytics.tsv.
[INFO] Picking the best statistic for each set of entries related to a gene
[INFO] Starting with 9117 entries
[INFO] No more duplicates
[INFO] 7680 unique entries
[INFO] NAs removed: 659
[INFO] Data in /nfs/production3/ma/home/atlas3-production/analysis/differential/microarray/experiments/E-MEXP-1282/E-MEXP-1282_A-AFFY-78-analytics.tsv loaded: 7021 entries
[INFO] Reading /nfs/production3/ma/home/atlas3-production/bioentity_properties/ensembl/vitis_vinifera.ensgene.go.tsv
[INFO] Data in /nfs/production3/ma/home/atlas3-production/bioentity_properties/ensembl/vitis_vinifera.ensgene.go.tsv loaded: 110756 entries
[INFO] Reading /nfs/production3/ma/home/atlas3-production/analysis/differential/microarray/experiments/E-MEXP-1282/E-MEXP-1282.vitis_vinifera.g6_g3.ensgene.go.tsv.aux1
[INFO] Data in /nfs/production3/ma/home/atlas3-production/analysis/differential/microarray/experiments/E-MEXP-1282/E-MEXP-1282.vitis_vinifera.g6_g3.ensgene.go.tsv.aux1 loaded: 4690 entries
[INFO] Starting to play piano...
[INFO] FC mean 0.81+-1.18
[INFO] p-value mean 0.05+-0.15
[INFO] Excluded 841 genes with no annotation
[INFO] #Genes=6024 #genes (pvalue<=0.05)=5136
[INFO] Loading GSC...
[INFO] Gene sets:3426 genes:6018
[INFO] Running Fisher-exact test...
Using all genes in argument genes as universe.
Analyzing the overrepresentation of 5136 genes of interest in 936 gene sets, using a background of 888 non-interesting genes.
[INFO] Created /nfs/production3/ma/home/atlas3-production/analysis/differential/microarray/experiments/E-MEXP-1282/E-MEXP-1282.g6_g3.go.gsea.tsv
[WARNING] Insufficient gene sets () to draw a plot - plot not generated.
Calling command: 'irap_GSE_piano --tsv=/nfs/production3/ma/home/atlas3-production/analysis/differential/microarray/experiments/E-MEXP-1282/E-MEXP-1282_A-AFFY-78-analytics.tsv --pvalue-col=4 --foldchange-col=6 --title="
Top 10 InterPro domains enriched in 
'berry ripening stage 36 E-L' vs 'berry formation stage 33 E-L' in '2005' 
(Fisher-exact, FDR < 0.1)" --pvalue=0.05 --gs_fdr=0.1 --method=fisher-exact --dup-use-best --plot-annot-only --top=10 --minsize 5 --maxsize 100 --descr /nfs/production3/ma/home/atlas3-production/bioentity_properties/interpro/interproIDToTypeTerm.tsv.decorate.aux --go=/nfs/production3/ma/home/atlas3-production/bioentity_properties/ensembl/vitis_vinifera.ensgene.interpro.tsv --out=/nfs/production3/ma/home/atlas3-production/analysis/differential/microarray/experiments/E-MEXP-1282/E-MEXP-1282.g6_g3.interpro.gsea'
Warning messages:
1: replacing previous import by ‘igraph::union’ when loading ‘piano’ 
2: replacing previous import by ‘igraph::normalize’ when loading ‘piano’ 
[INFO] Parameters parsed.
annotation_col = GOterm
tsv.file = /nfs/production3/ma/home/atlas3-production/analysis/differential/microarray/experiments/E-MEXP-1282/E-MEXP-1282_A-AFFY-78-analytics.tsv
pval.col = 4
fold.col = 6
pvalue = 0.05
gs_fdr = 0.1
min.size = 5
max.size = 100
method = fisher-exact
num_cores = 2
minedge = 3
top = 10
annot.only = TRUE
plot.annot.only = TRUE
dup.use.best = TRUE
dup.best.stat = fold-change
debug = FALSE
go.file = /nfs/production3/ma/home/atlas3-production/bioentity_properties/ensembl/vitis_vinifera.ensgene.interpro.tsv
descr.file = /nfs/production3/ma/home/atlas3-production/bioentity_properties/interpro/interproIDToTypeTerm.tsv.decorate.aux
title = 
Top 10 InterPro domains enriched in 
'berry ripening stage 36 E-L' vs 'berry formation stage 33 E-L' in '2005' 
(Fisher-exact, FDR < 0.1)
out = /nfs/production3/ma/home/atlas3-production/analysis/differential/microarray/experiments/E-MEXP-1282/E-MEXP-1282.g6_g3.interpro.gsea
help = FALSE
[INFO] Reading /nfs/production3/ma/home/atlas3-production/analysis/differential/microarray/experiments/E-MEXP-1282/E-MEXP-1282_A-AFFY-78-analytics.tsv
[INFO] Found duplicated gene entries in /nfs/production3/ma/home/atlas3-production/analysis/differential/microarray/experiments/E-MEXP-1282/E-MEXP-1282_A-AFFY-78-analytics.tsv.
[INFO] Picking the best statistic for each set of entries related to a gene
[INFO] Starting with 9117 entries
[INFO] No more duplicates
[INFO] 7680 unique entries
[INFO] NAs removed: 659
[INFO] Data in /nfs/production3/ma/home/atlas3-production/analysis/differential/microarray/experiments/E-MEXP-1282/E-MEXP-1282_A-AFFY-78-analytics.tsv loaded: 7021 entries
[INFO] Reading /nfs/production3/ma/home/atlas3-production/bioentity_properties/ensembl/vitis_vinifera.ensgene.interpro.tsv
[INFO] Data in /nfs/production3/ma/home/atlas3-production/bioentity_properties/ensembl/vitis_vinifera.ensgene.interpro.tsv loaded: 65353 entries
[INFO] Reading /nfs/production3/ma/home/atlas3-production/bioentity_properties/interpro/interproIDToTypeTerm.tsv.decorate.aux
[INFO] Data in /nfs/production3/ma/home/atlas3-production/bioentity_properties/interpro/interproIDToTypeTerm.tsv.decorate.aux loaded: 26238 entries
[INFO] Starting to play piano...
[INFO] FC mean 0.81+-1.18
[INFO] p-value mean 0.05+-0.15
[INFO] Excluded 623 genes with no annotation
[INFO] #Genes=6275 #genes (pvalue<=0.05)=5354
[INFO] Loading GSC...
[INFO] Gene sets:4530 genes:6269
[INFO] Running Fisher-exact test...
Using all genes in argument genes as universe.
Analyzing the overrepresentation of 5354 genes of interest in 782 gene sets, using a background of 921 non-interesting genes.
[INFO] Created /nfs/production3/ma/home/atlas3-production/analysis/differential/microarray/experiments/E-MEXP-1282/E-MEXP-1282.g6_g3.interpro.gsea.tsv
[WARNING] Insufficient gene sets () to draw a plot - plot not generated.
Calling command: 'irap_GSE_piano --tsv=/nfs/production3/ma/home/atlas3-production/analysis/differential/microarray/experiments/E-MEXP-1282/E-MEXP-1282_A-AFFY-78-analytics.tsv --pvalue-col=4 --foldchange-col=6 --title="
Top 10 Reactome pathways enriched in 
'berry ripening stage 36 E-L' vs 'berry formation stage 33 E-L' in '2005' 
(Fisher-exact, FDR < 0.1)" --pvalue=0.05 --gs_fdr=0.1 --method=fisher-exact --dup-use-best --plot-annot-only --top=10 --minsize 5 --maxsize 100 --descr /nfs/production3/ma/home/atlas3-production/bioentity_properties/reactome/vitis_vinifera.reactome.tsv.decorate.aux --go=/nfs/production3/ma/home/atlas3-production/bioentity_properties/reactome/vitis_vinifera.reactome.tsv.gsea.aux --out=/nfs/production3/ma/home/atlas3-production/analysis/differential/microarray/experiments/E-MEXP-1282/E-MEXP-1282.g6_g3.reactome.gsea'
Warning messages:
1: replacing previous import by ‘igraph::union’ when loading ‘piano’ 
2: replacing previous import by ‘igraph::normalize’ when loading ‘piano’ 
[INFO] Parameters parsed.
annotation_col = GOterm
tsv.file = /nfs/production3/ma/home/atlas3-production/analysis/differential/microarray/experiments/E-MEXP-1282/E-MEXP-1282_A-AFFY-78-analytics.tsv
pval.col = 4
fold.col = 6
pvalue = 0.05
gs_fdr = 0.1
min.size = 5
max.size = 100
method = fisher-exact
num_cores = 2
minedge = 3
top = 10
annot.only = TRUE
plot.annot.only = TRUE
dup.use.best = TRUE
dup.best.stat = fold-change
debug = FALSE
go.file = /nfs/production3/ma/home/atlas3-production/bioentity_properties/reactome/vitis_vinifera.reactome.tsv.gsea.aux
descr.file = /nfs/production3/ma/home/atlas3-production/bioentity_properties/reactome/vitis_vinifera.reactome.tsv.decorate.aux
title = 
Top 10 Reactome pathways enriched in 
'berry ripening stage 36 E-L' vs 'berry formation stage 33 E-L' in '2005' 
(Fisher-exact, FDR < 0.1)
out = /nfs/production3/ma/home/atlas3-production/analysis/differential/microarray/experiments/E-MEXP-1282/E-MEXP-1282.g6_g3.reactome.gsea
help = FALSE
[INFO] Reading /nfs/production3/ma/home/atlas3-production/analysis/differential/microarray/experiments/E-MEXP-1282/E-MEXP-1282_A-AFFY-78-analytics.tsv
[INFO] Found duplicated gene entries in /nfs/production3/ma/home/atlas3-production/analysis/differential/microarray/experiments/E-MEXP-1282/E-MEXP-1282_A-AFFY-78-analytics.tsv.
[INFO] Picking the best statistic for each set of entries related to a gene
[INFO] Starting with 9117 entries
[INFO] No more duplicates
[INFO] 7680 unique entries
[INFO] NAs removed: 659
[INFO] Data in /nfs/production3/ma/home/atlas3-production/analysis/differential/microarray/experiments/E-MEXP-1282/E-MEXP-1282_A-AFFY-78-analytics.tsv loaded: 7021 entries
[INFO] Reading /nfs/production3/ma/home/atlas3-production/bioentity_properties/reactome/vitis_vinifera.reactome.tsv.gsea.aux
[INFO] Data in /nfs/production3/ma/home/atlas3-production/bioentity_properties/reactome/vitis_vinifera.reactome.tsv.gsea.aux loaded: 3958 entries
[INFO] Reading /nfs/production3/ma/home/atlas3-production/bioentity_properties/reactome/vitis_vinifera.reactome.tsv.decorate.aux
[INFO] Data in /nfs/production3/ma/home/atlas3-production/bioentity_properties/reactome/vitis_vinifera.reactome.tsv.decorate.aux loaded: 184 entries
[INFO] Starting to play piano...
[INFO] FC mean 0.81+-1.18
[INFO] p-value mean 0.05+-0.15
[INFO] Excluded 0 genes with no annotation
[INFO] #Genes=7021 #genes (pvalue<=0.05)=5977
[INFO] Loading GSC...
[INFO] Gene sets:167 genes:388
[INFO] Running Fisher-exact test...
Using all genes in argument genes as universe.
Analyzing the overrepresentation of 5977 genes of interest in 53 gene sets, using a background of 1044 non-interesting genes.
[INFO] Created /nfs/production3/ma/home/atlas3-production/analysis/differential/microarray/experiments/E-MEXP-1282/E-MEXP-1282.g6_g3.reactome.gsea.tsv
[WARNING] Insufficient gene sets () to draw a plot - plot not generated.

------------------------------------------------------------
Sender: LSF System <lsf@ebi5-165>
Subject: Job 1039648: </nfs/production3/ma/home/atlas3-production/sw/atlasinstall_prod/atlasprod/irap/gxa_generate_gsea_for_differential_experiment.sh  /nfs/production3/ma/home/atlas3-production/analysis/differential/microarray/experiments/E-MEXP-1282 g6_g3 > in cluster <EBI> Done

Job </nfs/production3/ma/home/atlas3-production/sw/atlasinstall_prod/atlasprod/irap/gxa_generate_gsea_for_differential_experiment.sh  /nfs/production3/ma/home/atlas3-production/analysis/differential/microarray/experiments/E-MEXP-1282 g6_g3 > was submitted from host <ebi1-121> by user <fg_atlas> in cluster <EBI>.
Job was executed on host(s) <ebi5-165>, in queue <production-rh6>, as user <fg_atlas> in cluster <EBI>.
</net/isilonP/public/rw/homes/fg_atlas> was used as the home directory.
</nfs/production3/ma/home/atlas3-production/analysis/differential/microarray/experiments/E-MEXP-1282> was used as the working directory.
Started at Tue Apr 12 17:55:21 2016
Results reported at Tue Apr 12 17:56:47 2016

Your job looked like:

------------------------------------------------------------
# LSBATCH: User input
/nfs/production3/ma/home/atlas3-production/sw/atlasinstall_prod/atlasprod/irap/gxa_generate_gsea_for_differential_experiment.sh  /nfs/production3/ma/home/atlas3-production/analysis/differential/microarray/experiments/E-MEXP-1282 g6_g3 
------------------------------------------------------------

Successfully completed.

Resource usage summary:

    CPU time :               74.86 sec.
    Max Memory :             197 MB
    Average Memory :         75.83 MB
    Total Requested Memory : 4096.00 MB
    Delta Memory :           3899.00 MB
    (Delta: the difference between total requested memory and actual max usage.)
    Max Swap :               1236 MB

    Max Processes :          8
    Max Threads :            9

The output (if any) is above this job summary.



PS:

Read file <gseag6_g3.err> for stderr output of this job.

