Calling command: 'irap_GSE_piano --tsv=/nfs/production3/ma/home/atlas3-production/analysis/differential/microarray/experiments/E-GEOD-64228/E-GEOD-64228_A-AFFY-31-analytics.tsv --pvalue-col=13 --foldchange-col=15 --title="
Top 10 GO terms enriched in 
'transgenic line BG9' vs 'wild type' at '6 week' 
(Fisher-exact, FDR < 0.1)" --pvalue=0.05 --gs_fdr=0.1 --method=fisher-exact --dup-use-best --plot-annot-only --top=10 --minsize 5 --maxsize 100 --descr /nfs/production3/ma/home/atlas3-production/analysis/differential/microarray/experiments/E-GEOD-64228/E-GEOD-64228.hordeum_vulgare.g6_g5.ensgene.go.tsv.aux1 --go=/nfs/production3/ma/home/atlas3-production/bioentity_properties/ensembl/hordeum_vulgare.ensgene.go.tsv --out=/nfs/production3/ma/home/atlas3-production/analysis/differential/microarray/experiments/E-GEOD-64228/E-GEOD-64228.g6_g5.go.gsea'
Warning messages:
1: replacing previous import by ‘igraph::union’ when loading ‘piano’ 
2: replacing previous import by ‘igraph::normalize’ when loading ‘piano’ 
[INFO] Parameters parsed.
annotation_col = GOterm
tsv.file = /nfs/production3/ma/home/atlas3-production/analysis/differential/microarray/experiments/E-GEOD-64228/E-GEOD-64228_A-AFFY-31-analytics.tsv
pval.col = 13
fold.col = 15
pvalue = 0.05
gs_fdr = 0.1
min.size = 5
max.size = 100
method = fisher-exact
num_cores = 2
minedge = 3
top = 10
annot.only = TRUE
plot.annot.only = TRUE
dup.use.best = TRUE
dup.best.stat = fold-change
debug = FALSE
go.file = /nfs/production3/ma/home/atlas3-production/bioentity_properties/ensembl/hordeum_vulgare.ensgene.go.tsv
descr.file = /nfs/production3/ma/home/atlas3-production/analysis/differential/microarray/experiments/E-GEOD-64228/E-GEOD-64228.hordeum_vulgare.g6_g5.ensgene.go.tsv.aux1
title = 
Top 10 GO terms enriched in 
'transgenic line BG9' vs 'wild type' at '6 week' 
(Fisher-exact, FDR < 0.1)
out = /nfs/production3/ma/home/atlas3-production/analysis/differential/microarray/experiments/E-GEOD-64228/E-GEOD-64228.g6_g5.go.gsea
help = FALSE
[INFO] Reading /nfs/production3/ma/home/atlas3-production/analysis/differential/microarray/experiments/E-GEOD-64228/E-GEOD-64228_A-AFFY-31-analytics.tsv
[INFO] Found duplicated gene entries in /nfs/production3/ma/home/atlas3-production/analysis/differential/microarray/experiments/E-GEOD-64228/E-GEOD-64228_A-AFFY-31-analytics.tsv.
[INFO] Picking the best statistic for each set of entries related to a gene
[INFO] Starting with 12914 entries
[INFO] No more duplicates
[INFO] 10621 unique entries
[INFO] NAs removed: 1129
[INFO] Data in /nfs/production3/ma/home/atlas3-production/analysis/differential/microarray/experiments/E-GEOD-64228/E-GEOD-64228_A-AFFY-31-analytics.tsv loaded: 9492 entries
[INFO] Reading /nfs/production3/ma/home/atlas3-production/bioentity_properties/ensembl/hordeum_vulgare.ensgene.go.tsv
[INFO] Data in /nfs/production3/ma/home/atlas3-production/bioentity_properties/ensembl/hordeum_vulgare.ensgene.go.tsv loaded: 91645 entries
[INFO] Reading /nfs/production3/ma/home/atlas3-production/analysis/differential/microarray/experiments/E-GEOD-64228/E-GEOD-64228.hordeum_vulgare.g6_g5.ensgene.go.tsv.aux1
[INFO] Data in /nfs/production3/ma/home/atlas3-production/analysis/differential/microarray/experiments/E-GEOD-64228/E-GEOD-64228.hordeum_vulgare.g6_g5.ensgene.go.tsv.aux1 loaded: 4140 entries
[INFO] Starting to play piano...
[INFO] FC mean 0.96+-1.33
[INFO] p-value mean 0.07+-0.16
[INFO] Excluded 2756 genes with no annotation
[INFO] #Genes=5923 #genes (pvalue<=0.05)=4717
[INFO] Loading GSC...
[INFO] Gene sets:2984 genes:5921
[INFO] Running Fisher-exact test...
Using all genes in argument genes as universe.
Analyzing the overrepresentation of 4717 genes of interest in 833 gene sets, using a background of 1206 non-interesting genes.
[INFO] Created /nfs/production3/ma/home/atlas3-production/analysis/differential/microarray/experiments/E-GEOD-64228/E-GEOD-64228.g6_g5.go.gsea.tsv
Loading required package: methods

Attaching package: ‘igraph’

The following objects are masked from ‘package:stats’:

    decompose, spectrum

The following object is masked from ‘package:base’:

    union

Loading required package: limma
[INFO] Generating plot /nfs/production3/ma/home/atlas3-production/analysis/differential/microarray/experiments/E-GEOD-64228/E-GEOD-64228.g6_g5.go.gsea_class_non_dir_both.png
There were 50 or more warnings (use warnings() to see the first 50)
Calling command: 'irap_GSE_piano --tsv=/nfs/production3/ma/home/atlas3-production/analysis/differential/microarray/experiments/E-GEOD-64228/E-GEOD-64228_A-AFFY-31-analytics.tsv --pvalue-col=13 --foldchange-col=15 --title="
Top 10 InterPro domains enriched in 
'transgenic line BG9' vs 'wild type' at '6 week' 
(Fisher-exact, FDR < 0.1)" --pvalue=0.05 --gs_fdr=0.1 --method=fisher-exact --dup-use-best --plot-annot-only --top=10 --minsize 5 --maxsize 100 --descr /nfs/production3/ma/home/atlas3-production/bioentity_properties/interpro/interproIDToTypeTerm.tsv.decorate.aux --go=/nfs/production3/ma/home/atlas3-production/bioentity_properties/ensembl/hordeum_vulgare.ensgene.interpro.tsv --out=/nfs/production3/ma/home/atlas3-production/analysis/differential/microarray/experiments/E-GEOD-64228/E-GEOD-64228.g6_g5.interpro.gsea'
Warning messages:
1: replacing previous import by ‘igraph::union’ when loading ‘piano’ 
2: replacing previous import by ‘igraph::normalize’ when loading ‘piano’ 
[INFO] Parameters parsed.
annotation_col = GOterm
tsv.file = /nfs/production3/ma/home/atlas3-production/analysis/differential/microarray/experiments/E-GEOD-64228/E-GEOD-64228_A-AFFY-31-analytics.tsv
pval.col = 13
fold.col = 15
pvalue = 0.05
gs_fdr = 0.1
min.size = 5
max.size = 100
method = fisher-exact
num_cores = 2
minedge = 3
top = 10
annot.only = TRUE
plot.annot.only = TRUE
dup.use.best = TRUE
dup.best.stat = fold-change
debug = FALSE
go.file = /nfs/production3/ma/home/atlas3-production/bioentity_properties/ensembl/hordeum_vulgare.ensgene.interpro.tsv
descr.file = /nfs/production3/ma/home/atlas3-production/bioentity_properties/interpro/interproIDToTypeTerm.tsv.decorate.aux
title = 
Top 10 InterPro domains enriched in 
'transgenic line BG9' vs 'wild type' at '6 week' 
(Fisher-exact, FDR < 0.1)
out = /nfs/production3/ma/home/atlas3-production/analysis/differential/microarray/experiments/E-GEOD-64228/E-GEOD-64228.g6_g5.interpro.gsea
help = FALSE
[INFO] Reading /nfs/production3/ma/home/atlas3-production/analysis/differential/microarray/experiments/E-GEOD-64228/E-GEOD-64228_A-AFFY-31-analytics.tsv
[INFO] Found duplicated gene entries in /nfs/production3/ma/home/atlas3-production/analysis/differential/microarray/experiments/E-GEOD-64228/E-GEOD-64228_A-AFFY-31-analytics.tsv.
[INFO] Picking the best statistic for each set of entries related to a gene
[INFO] Starting with 12914 entries
[INFO] No more duplicates
[INFO] 10621 unique entries
[INFO] NAs removed: 1129
[INFO] Data in /nfs/production3/ma/home/atlas3-production/analysis/differential/microarray/experiments/E-GEOD-64228/E-GEOD-64228_A-AFFY-31-analytics.tsv loaded: 9492 entries
[INFO] Reading /nfs/production3/ma/home/atlas3-production/bioentity_properties/ensembl/hordeum_vulgare.ensgene.interpro.tsv
[INFO] Data in /nfs/production3/ma/home/atlas3-production/bioentity_properties/ensembl/hordeum_vulgare.ensgene.interpro.tsv loaded: 60993 entries
[INFO] Reading /nfs/production3/ma/home/atlas3-production/bioentity_properties/interpro/interproIDToTypeTerm.tsv.decorate.aux
[INFO] Data in /nfs/production3/ma/home/atlas3-production/bioentity_properties/interpro/interproIDToTypeTerm.tsv.decorate.aux loaded: 26238 entries
[INFO] Starting to play piano...
[INFO] FC mean 0.96+-1.33
[INFO] p-value mean 0.07+-0.16
[INFO] Excluded 1853 genes with no annotation
[INFO] #Genes=7061 #genes (pvalue<=0.05)=5620
[INFO] Loading GSC...
[INFO] Gene sets:4632 genes:7059
[INFO] Running Fisher-exact test...
Using all genes in argument genes as universe.
Analyzing the overrepresentation of 5620 genes of interest in 871 gene sets, using a background of 1441 non-interesting genes.
[INFO] Created /nfs/production3/ma/home/atlas3-production/analysis/differential/microarray/experiments/E-GEOD-64228/E-GEOD-64228.g6_g5.interpro.gsea.tsv
[WARNING] Insufficient gene sets () to draw a plot - plot not generated.
Calling command: 'irap_GSE_piano --tsv=/nfs/production3/ma/home/atlas3-production/analysis/differential/microarray/experiments/E-GEOD-64228/E-GEOD-64228_A-AFFY-31-analytics.tsv --pvalue-col=13 --foldchange-col=15 --title="
Top 10 Reactome pathways enriched in 
'transgenic line BG9' vs 'wild type' at '6 week' 
(Fisher-exact, FDR < 0.1)" --pvalue=0.05 --gs_fdr=0.1 --method=fisher-exact --dup-use-best --plot-annot-only --top=10 --minsize 5 --maxsize 100 --descr /nfs/production3/ma/home/atlas3-production/bioentity_properties/reactome/hordeum_vulgare.reactome.tsv.decorate.aux --go=/nfs/production3/ma/home/atlas3-production/bioentity_properties/reactome/hordeum_vulgare.reactome.tsv.gsea.aux --out=/nfs/production3/ma/home/atlas3-production/analysis/differential/microarray/experiments/E-GEOD-64228/E-GEOD-64228.g6_g5.reactome.gsea'
Warning messages:
1: replacing previous import by ‘igraph::union’ when loading ‘piano’ 
2: replacing previous import by ‘igraph::normalize’ when loading ‘piano’ 
[INFO] Parameters parsed.
annotation_col = GOterm
tsv.file = /nfs/production3/ma/home/atlas3-production/analysis/differential/microarray/experiments/E-GEOD-64228/E-GEOD-64228_A-AFFY-31-analytics.tsv
pval.col = 13
fold.col = 15
pvalue = 0.05
gs_fdr = 0.1
min.size = 5
max.size = 100
method = fisher-exact
num_cores = 2
minedge = 3
top = 10
annot.only = TRUE
plot.annot.only = TRUE
dup.use.best = TRUE
dup.best.stat = fold-change
debug = FALSE
go.file = /nfs/production3/ma/home/atlas3-production/bioentity_properties/reactome/hordeum_vulgare.reactome.tsv.gsea.aux
descr.file = /nfs/production3/ma/home/atlas3-production/bioentity_properties/reactome/hordeum_vulgare.reactome.tsv.decorate.aux
title = 
Top 10 Reactome pathways enriched in 
'transgenic line BG9' vs 'wild type' at '6 week' 
(Fisher-exact, FDR < 0.1)
out = /nfs/production3/ma/home/atlas3-production/analysis/differential/microarray/experiments/E-GEOD-64228/E-GEOD-64228.g6_g5.reactome.gsea
help = FALSE
[INFO] Reading /nfs/production3/ma/home/atlas3-production/analysis/differential/microarray/experiments/E-GEOD-64228/E-GEOD-64228_A-AFFY-31-analytics.tsv
[INFO] Found duplicated gene entries in /nfs/production3/ma/home/atlas3-production/analysis/differential/microarray/experiments/E-GEOD-64228/E-GEOD-64228_A-AFFY-31-analytics.tsv.
[INFO] Picking the best statistic for each set of entries related to a gene
[INFO] Starting with 12914 entries
[INFO] No more duplicates
[INFO] 10621 unique entries
[INFO] NAs removed: 1129
[INFO] Data in /nfs/production3/ma/home/atlas3-production/analysis/differential/microarray/experiments/E-GEOD-64228/E-GEOD-64228_A-AFFY-31-analytics.tsv loaded: 9492 entries
[INFO] Reading /nfs/production3/ma/home/atlas3-production/bioentity_properties/reactome/hordeum_vulgare.reactome.tsv.gsea.aux
[INFO] Data in /nfs/production3/ma/home/atlas3-production/bioentity_properties/reactome/hordeum_vulgare.reactome.tsv.gsea.aux loaded: 3471 entries
[INFO] Reading /nfs/production3/ma/home/atlas3-production/bioentity_properties/reactome/hordeum_vulgare.reactome.tsv.decorate.aux
[INFO] Data in /nfs/production3/ma/home/atlas3-production/bioentity_properties/reactome/hordeum_vulgare.reactome.tsv.decorate.aux loaded: 184 entries
[INFO] Starting to play piano...
[INFO] FC mean 0.96+-1.33
[INFO] p-value mean 0.07+-0.16
[INFO] Excluded 0 genes with no annotation
[INFO] #Genes=9492 #genes (pvalue<=0.05)=7473
[INFO] Loading GSC...
[INFO] Gene sets:173 genes:446
[INFO] Running Fisher-exact test...
Using all genes in argument genes as universe.
Analyzing the overrepresentation of 7473 genes of interest in 56 gene sets, using a background of 2019 non-interesting genes.
[INFO] Created /nfs/production3/ma/home/atlas3-production/analysis/differential/microarray/experiments/E-GEOD-64228/E-GEOD-64228.g6_g5.reactome.gsea.tsv
Loading required package: methods

Attaching package: ‘igraph’

The following objects are masked from ‘package:stats’:

    decompose, spectrum

The following object is masked from ‘package:base’:

    union

Loading required package: limma
[WARNING] Skipping plot generation
Warning message:
In fisherNetworkPlot(fisherRes, edgeWidth = c(2, 20), adjusted = T,  :
  no overlap between gene sets found, try to decrease argument overlap or increase argument significance...fixing it for now

------------------------------------------------------------
Sender: LSF System <lsf@ebi5-042>
Subject: Job 1039467: </nfs/production3/ma/home/atlas3-production/sw/atlasinstall_prod/atlasprod/irap/gxa_generate_gsea_for_differential_experiment.sh  /nfs/production3/ma/home/atlas3-production/analysis/differential/microarray/experiments/E-GEOD-64228 g6_g5 > in cluster <EBI> Done

Job </nfs/production3/ma/home/atlas3-production/sw/atlasinstall_prod/atlasprod/irap/gxa_generate_gsea_for_differential_experiment.sh  /nfs/production3/ma/home/atlas3-production/analysis/differential/microarray/experiments/E-GEOD-64228 g6_g5 > was submitted from host <ebi1-121> by user <fg_atlas> in cluster <EBI>.
Job was executed on host(s) <ebi5-042>, in queue <production-rh6>, as user <fg_atlas> in cluster <EBI>.
</net/isilonP/public/rw/homes/fg_atlas> was used as the home directory.
</nfs/production3/ma/home/atlas3-production/analysis/differential/microarray/experiments/E-GEOD-64228> was used as the working directory.
Started at Tue Apr 12 17:54:02 2016
Results reported at Tue Apr 12 17:56:35 2016

Your job looked like:

------------------------------------------------------------
# LSBATCH: User input
/nfs/production3/ma/home/atlas3-production/sw/atlasinstall_prod/atlasprod/irap/gxa_generate_gsea_for_differential_experiment.sh  /nfs/production3/ma/home/atlas3-production/analysis/differential/microarray/experiments/E-GEOD-64228 g6_g5 
------------------------------------------------------------

Successfully completed.

Resource usage summary:

    CPU time :               141.10 sec.
    Max Memory :             109 MB
    Average Memory :         61.11 MB
    Total Requested Memory : 4096.00 MB
    Delta Memory :           3987.00 MB
    (Delta: the difference between total requested memory and actual max usage.)
    Max Swap :               1239 MB

    Max Processes :          8
    Max Threads :            9

The output (if any) is above this job summary.



PS:

Read file <gseag6_g5.err> for stderr output of this job.

